inv_mpu.c:57:6:get_ms	16	static
inv_mpu.c:665:12:set_int_enable	24	static
inv_mpu.c:697:5:mpu_reg_dump	16	static
inv_mpu.c:719:5:mpu_read_reg	16	static
inv_mpu.c:741:5:mpu_init	16	static
inv_mpu.c:872:5:mpu_lp_accel_mode	24	static
inv_mpu.c:956:5:mpu_get_gyro_reg	24	static
inv_mpu.c:979:5:mpu_get_accel_reg	24	static
inv_mpu.c:1002:5:mpu_get_temperature	24	static
inv_mpu.c:1027:5:mpu_set_accel_bias	48	static
inv_mpu.c:1076:5:mpu_reset_fifo	16	static
inv_mpu.c:1138:5:mpu_get_gyro_fsr	16	static
inv_mpu.c:1165:5:mpu_set_gyro_fsr	24	static
inv_mpu.c:1202:5:mpu_get_accel_fsr	16	static
inv_mpu.c:1230:5:mpu_set_accel_fsr	24	static
inv_mpu.c:1267:5:mpu_get_lpf	16	static
inv_mpu.c:1303:5:mpu_set_lpf	24	static
inv_mpu.c:1336:5:mpu_get_sample_rate	16	static
inv_mpu.c:1351:5:mpu_set_sample_rate	24	static
inv_mpu.c:1398:5:mpu_get_compass_sample_rate	16	static
inv_mpu.c:1420:5:mpu_set_compass_sample_rate	16	static
inv_mpu.c:1442:5:mpu_get_gyro_sens	16	static
inv_mpu.c:1468:5:mpu_get_accel_sens	16	static
inv_mpu.c:1500:5:mpu_get_fifo_config	16	static
inv_mpu.c:1515:5:mpu_configure_fifo	24	static
inv_mpu.c:1557:5:mpu_get_power_state	16	static
inv_mpu.c:1576:5:mpu_set_sensors	24	static
inv_mpu.c:1653:5:mpu_get_int_status	24	static
inv_mpu.c:1682:5:mpu_read_fifo	48	static
inv_mpu.c:1763:5:mpu_read_fifo_stream	32	static
inv_mpu.c:1801:5:mpu_set_bypass	24	static
inv_mpu.c:1851:5:mpu_set_int_level	16	static
inv_mpu.c:1863:5:mpu_set_int_latched	24	static
inv_mpu.c:1884:12:get_accel_prod_shift	32	static
inv_mpu.c:1909:12:accel_self_test	48	static
inv_mpu.c:1929:12:gyro_self_test	40	static
inv_mpu.c:2013:12:get_st_biases	112	static
inv_mpu.c:2153:5:mpu_run_self_test	64	static
inv_mpu.c:2255:5:mpu_write_mem	24	static
inv_mpu.c:2288:5:mpu_read_mem	24	static
inv_mpu.c:2320:5:mpu_load_firmware	48	static
inv_mpu.c:2361:5:mpu_set_dmp_state	24	static
inv_mpu.c:2400:5:mpu_get_dmp_state	16	static
inv_mpu.c:2520:5:mpu_get_compass_reg	16	static
inv_mpu.c:2573:5:mpu_get_compass_fsr	16	static
inv_mpu.c:2627:5:mpu_lp_motion_interrupt	32	static
