inv_mpu_dmp_motion_driver.c:505:5:dmp_load_motion_driver_firmware	8	static
inv_mpu_dmp_motion_driver.c:518:5:dmp_set_orientation	40	static
inv_mpu_dmp_motion_driver.c:573:5:dmp_set_gyro_bias	32	static
inv_mpu_dmp_motion_driver.c:625:5:dmp_set_accel_bias	56	static
inv_mpu_dmp_motion_driver.c:677:5:dmp_set_fifo_rate	40	static
inv_mpu_dmp_motion_driver.c:703:5:dmp_get_fifo_rate	16	static
inv_mpu_dmp_motion_driver.c:715:5:dmp_set_tap_thresh	32	static
inv_mpu_dmp_motion_driver.c:781:5:dmp_set_tap_axes	24	static
inv_mpu_dmp_motion_driver.c:799:5:dmp_set_tap_count	24	static
inv_mpu_dmp_motion_driver.c:817:5:dmp_set_tap_time	24	static
inv_mpu_dmp_motion_driver.c:833:5:dmp_set_tap_time_multi	24	static
inv_mpu_dmp_motion_driver.c:851:5:dmp_set_shake_reject_thresh	24	static
inv_mpu_dmp_motion_driver.c:870:5:dmp_set_shake_reject_time	24	static
inv_mpu_dmp_motion_driver.c:888:5:dmp_set_shake_reject_timeout	24	static
inv_mpu_dmp_motion_driver.c:903:5:dmp_get_pedometer_step_count	24	static
inv_mpu_dmp_motion_driver.c:924:5:dmp_set_pedometer_step_count	24	static
inv_mpu_dmp_motion_driver.c:940:5:dmp_get_pedometer_walk_time	24	static
inv_mpu_dmp_motion_driver.c:960:5:dmp_set_pedometer_walk_time	24	static
inv_mpu_dmp_motion_driver.c:990:5:dmp_enable_feature	32	static
inv_mpu_dmp_motion_driver.c:1112:5:dmp_get_enabled_features	16	static
inv_mpu_dmp_motion_driver.c:1127:5:dmp_enable_gyro_cal	40	static
inv_mpu_dmp_motion_driver.c:1145:5:dmp_enable_lp_quat	24	static
inv_mpu_dmp_motion_driver.c:1169:5:dmp_enable_6x_lp_quat	24	static
inv_mpu_dmp_motion_driver.c:1190:12:decode_gesture	24	static
inv_mpu_dmp_motion_driver.c:1222:5:dmp_set_interrupt_mode	40	static
inv_mpu_dmp_motion_driver.c:1261:5:dmp_read_fifo	80	static
inv_mpu_dmp_motion_driver.c:1354:5:dmp_register_tap_cb	16	static
inv_mpu_dmp_motion_driver.c:1365:5:dmp_register_android_orient_cb	16	static
