I2C.h:22:19:reg_int_cb	16	static
inv_mpu.c:620:12:set_int_enable	24	static
inv_mpu.c:652:5:mpu_reg_dump	16	static
inv_mpu.c:674:5:mpu_read_reg	16	static
inv_mpu.c:696:5:mpu_init	24	static
inv_mpu.c:828:5:mpu_lp_accel_mode	24	static
inv_mpu.c:912:5:mpu_get_gyro_reg	24	static
inv_mpu.c:935:5:mpu_get_accel_reg	24	static
inv_mpu.c:958:5:mpu_get_temperature	24	static
inv_mpu.c:983:5:mpu_set_accel_bias	48	static
inv_mpu.c:1032:5:mpu_reset_fifo	16	static
inv_mpu.c:1094:5:mpu_get_gyro_fsr	16	static
inv_mpu.c:1121:5:mpu_set_gyro_fsr	24	static
inv_mpu.c:1158:5:mpu_get_accel_fsr	16	static
inv_mpu.c:1186:5:mpu_set_accel_fsr	24	static
inv_mpu.c:1223:5:mpu_get_lpf	16	static
inv_mpu.c:1259:5:mpu_set_lpf	24	static
inv_mpu.c:1292:5:mpu_get_sample_rate	16	static
inv_mpu.c:1307:5:mpu_set_sample_rate	24	static
inv_mpu.c:1354:5:mpu_get_compass_sample_rate	16	static
inv_mpu.c:1376:5:mpu_set_compass_sample_rate	16	static
inv_mpu.c:1399:5:mpu_get_gyro_sens	16	static
inv_mpu.c:1425:5:mpu_get_accel_sens	16	static
inv_mpu.c:1457:5:mpu_get_fifo_config	16	static
inv_mpu.c:1472:5:mpu_configure_fifo	24	static
inv_mpu.c:1514:5:mpu_get_power_state	16	static
inv_mpu.c:1533:5:mpu_set_sensors	24	static
inv_mpu.c:1610:5:mpu_get_int_status	24	static
inv_mpu.c:1639:5:mpu_read_fifo	48	static
inv_mpu.c:1720:5:mpu_read_fifo_stream	32	static
inv_mpu.c:1758:5:mpu_set_bypass	24	static
inv_mpu.c:1808:5:mpu_set_int_level	16	static
inv_mpu.c:1820:5:mpu_set_int_latched	24	static
inv_mpu.c:1841:12:get_accel_prod_shift	32	static
inv_mpu.c:1866:12:accel_self_test	48	static
inv_mpu.c:1886:12:gyro_self_test	40	static
inv_mpu.c:1970:12:get_st_biases	112	static
inv_mpu.c:2110:5:mpu_run_self_test	64	static
inv_mpu.c:2213:5:mpu_write_mem	24	static
inv_mpu.c:2246:5:mpu_read_mem	24	static
inv_mpu.c:2278:5:mpu_load_firmware	48	static
inv_mpu.c:2319:5:mpu_set_dmp_state	24	static
inv_mpu.c:2358:5:mpu_get_dmp_state	16	static
inv_mpu.c:2366:12:setup_compass	4	static
inv_mpu.c:2477:5:mpu_get_compass_reg	16	static
inv_mpu.c:2532:5:mpu_get_compass_fsr	16	static
inv_mpu.c:2587:5:mpu_lp_motion_interrupt	32	static
