inv_mpu_dmp_motion_driver.c:500:5:dmp_load_motion_driver_firmware	8	static
inv_mpu_dmp_motion_driver.c:513:5:dmp_set_orientation	40	static
inv_mpu_dmp_motion_driver.c:568:5:dmp_set_gyro_bias	32	static
inv_mpu_dmp_motion_driver.c:620:5:dmp_set_accel_bias	56	static
inv_mpu_dmp_motion_driver.c:672:5:dmp_set_fifo_rate	40	static
inv_mpu_dmp_motion_driver.c:698:5:dmp_get_fifo_rate	16	static
inv_mpu_dmp_motion_driver.c:710:5:dmp_set_tap_thresh	32	static
inv_mpu_dmp_motion_driver.c:776:5:dmp_set_tap_axes	24	static
inv_mpu_dmp_motion_driver.c:794:5:dmp_set_tap_count	24	static
inv_mpu_dmp_motion_driver.c:812:5:dmp_set_tap_time	24	static
inv_mpu_dmp_motion_driver.c:828:5:dmp_set_tap_time_multi	24	static
inv_mpu_dmp_motion_driver.c:846:5:dmp_set_shake_reject_thresh	24	static
inv_mpu_dmp_motion_driver.c:865:5:dmp_set_shake_reject_time	24	static
inv_mpu_dmp_motion_driver.c:883:5:dmp_set_shake_reject_timeout	24	static
inv_mpu_dmp_motion_driver.c:898:5:dmp_get_pedometer_step_count	24	static
inv_mpu_dmp_motion_driver.c:919:5:dmp_set_pedometer_step_count	24	static
inv_mpu_dmp_motion_driver.c:935:5:dmp_get_pedometer_walk_time	24	static
inv_mpu_dmp_motion_driver.c:955:5:dmp_set_pedometer_walk_time	24	static
inv_mpu_dmp_motion_driver.c:985:5:dmp_enable_feature	32	static
inv_mpu_dmp_motion_driver.c:1107:5:dmp_get_enabled_features	16	static
inv_mpu_dmp_motion_driver.c:1122:5:dmp_enable_gyro_cal	40	static
inv_mpu_dmp_motion_driver.c:1140:5:dmp_enable_lp_quat	24	static
inv_mpu_dmp_motion_driver.c:1164:5:dmp_enable_6x_lp_quat	24	static
inv_mpu_dmp_motion_driver.c:1185:12:decode_gesture	24	static
inv_mpu_dmp_motion_driver.c:1217:5:dmp_set_interrupt_mode	40	static
inv_mpu_dmp_motion_driver.c:1256:5:dmp_read_fifo	80	static
inv_mpu_dmp_motion_driver.c:1349:5:dmp_register_tap_cb	16	static
inv_mpu_dmp_motion_driver.c:1360:5:dmp_register_android_orient_cb	16	static
