core_cm4.h:1939:34:__NVIC_SystemReset	4	static,ignoring_inline_asm
mpu6050.c:24:23:inv_row_2_scale	24	static
mpu6050.c:44:23:inv_orientation_matrix_to_scalar	24	static
mpu6050.c:53:13:run_self_test	48	static
mpu6050.c:97:6:MPU6050_setClockSource	24	static
mpu6050.c:107:6:MPU6050_newValues	24	static
mpu6050.c:171:6:MPU6050_setFullScaleGyroRange	24	static
mpu6050.c:180:6:MPU6050_setFullScaleAccelRange	24	static
mpu6050.c:191:6:MPU6050_setSleepEnabled	16	static
mpu6050.c:199:9:MPU6050_getDeviceID	8	static
mpu6050.c:209:9:MPU6050_testConnection	8	static
mpu6050.c:220:6:MPU6050_setI2CMasterModeEnabled	16	static
mpu6050.c:229:6:MPU6050_setI2CBypassEnabled	16	static
mpu6050.c:238:6:MPU6050_initialize	8	static
mpu6050.c:253:6:DMP_Init	8	static
mpu6050.c:298:6:Read_DMP	48	static
mpu6050.c:321:5:Read_Temperature	16	static
mpu6050.c:333:5:setXAccelOffset	16	static
mpu6050.c:339:5:setYAccelOffset	16	static
mpu6050.c:345:5:setZAccelOffset	16	static
mpu6050.c:351:5:setXGyroOffset	16	static
mpu6050.c:357:5:setYGyroOffset	16	static
mpu6050.c:363:5:setZGyroOffset	16	static
