Archive member included to satisfy reference by file (symbol)

c:/st/stm32cubeide_1.7.0/stm32cubeide/plugins/com.st.stm32cube.ide.mcu.externaltools.gnu-tools-for-stm32.9-2020-q2-update.win32_2.0.0.202105311346/tools/bin/../lib/gcc/arm-none-eabi/9.3.1/../../../../arm-none-eabi/lib/thumb/v7e-m+fp/hard\libm.a(lib_a-w_atan2.o)
                              ./Core/Src/MPU6050/mpu6050.o (atan2)
c:/st/stm32cubeide_1.7.0/stm32cubeide/plugins/com.st.stm32cube.ide.mcu.externaltools.gnu-tools-for-stm32.9-2020-q2-update.win32_2.0.0.202105311346/tools/bin/../lib/gcc/arm-none-eabi/9.3.1/../../../../arm-none-eabi/lib/thumb/v7e-m+fp/hard\libm.a(lib_a-wf_asin.o)
                              ./Core/Src/MPU6050/mpu6050.o (asinf)
c:/st/stm32cubeide_1.7.0/stm32cubeide/plugins/com.st.stm32cube.ide.mcu.externaltools.gnu-tools-for-stm32.9-2020-q2-update.win32_2.0.0.202105311346/tools/bin/../lib/gcc/arm-none-eabi/9.3.1/../../../../arm-none-eabi/lib/thumb/v7e-m+fp/hard\libm.a(lib_a-wf_atan2.o)
                              ./Core/Src/MPU6050/mpu6050.o (atan2f)
c:/st/stm32cubeide_1.7.0/stm32cubeide/plugins/com.st.stm32cube.ide.mcu.externaltools.gnu-tools-for-stm32.9-2020-q2-update.win32_2.0.0.202105311346/tools/bin/../lib/gcc/arm-none-eabi/9.3.1/../../../../arm-none-eabi/lib/thumb/v7e-m+fp/hard\libm.a(lib_a-e_atan2.o)
                              c:/st/stm32cubeide_1.7.0/stm32cubeide/plugins/com.st.stm32cube.ide.mcu.externaltools.gnu-tools-for-stm32.9-2020-q2-update.win32_2.0.0.202105311346/tools/bin/../lib/gcc/arm-none-eabi/9.3.1/../../../../arm-none-eabi/lib/thumb/v7e-m+fp/hard\libm.a(lib_a-w_atan2.o) (__ieee754_atan2)
c:/st/stm32cubeide_1.7.0/stm32cubeide/plugins/com.st.stm32cube.ide.mcu.externaltools.gnu-tools-for-stm32.9-2020-q2-update.win32_2.0.0.202105311346/tools/bin/../lib/gcc/arm-none-eabi/9.3.1/../../../../arm-none-eabi/lib/thumb/v7e-m+fp/hard\libm.a(lib_a-ef_asin.o)
                              c:/st/stm32cubeide_1.7.0/stm32cubeide/plugins/com.st.stm32cube.ide.mcu.externaltools.gnu-tools-for-stm32.9-2020-q2-update.win32_2.0.0.202105311346/tools/bin/../lib/gcc/arm-none-eabi/9.3.1/../../../../arm-none-eabi/lib/thumb/v7e-m+fp/hard\libm.a(lib_a-wf_asin.o) (__ieee754_asinf)
c:/st/stm32cubeide_1.7.0/stm32cubeide/plugins/com.st.stm32cube.ide.mcu.externaltools.gnu-tools-for-stm32.9-2020-q2-update.win32_2.0.0.202105311346/tools/bin/../lib/gcc/arm-none-eabi/9.3.1/../../../../arm-none-eabi/lib/thumb/v7e-m+fp/hard\libm.a(lib_a-ef_atan2.o)
                              c:/st/stm32cubeide_1.7.0/stm32cubeide/plugins/com.st.stm32cube.ide.mcu.externaltools.gnu-tools-for-stm32.9-2020-q2-update.win32_2.0.0.202105311346/tools/bin/../lib/gcc/arm-none-eabi/9.3.1/../../../../arm-none-eabi/lib/thumb/v7e-m+fp/hard\libm.a(lib_a-wf_atan2.o) (__ieee754_atan2f)
c:/st/stm32cubeide_1.7.0/stm32cubeide/plugins/com.st.stm32cube.ide.mcu.externaltools.gnu-tools-for-stm32.9-2020-q2-update.win32_2.0.0.202105311346/tools/bin/../lib/gcc/arm-none-eabi/9.3.1/../../../../arm-none-eabi/lib/thumb/v7e-m+fp/hard\libm.a(lib_a-ef_sqrt.o)
                              c:/st/stm32cubeide_1.7.0/stm32cubeide/plugins/com.st.stm32cube.ide.mcu.externaltools.gnu-tools-for-stm32.9-2020-q2-update.win32_2.0.0.202105311346/tools/bin/../lib/gcc/arm-none-eabi/9.3.1/../../../../arm-none-eabi/lib/thumb/v7e-m+fp/hard\libm.a(lib_a-ef_asin.o) (__ieee754_sqrtf)
c:/st/stm32cubeide_1.7.0/stm32cubeide/plugins/com.st.stm32cube.ide.mcu.externaltools.gnu-tools-for-stm32.9-2020-q2-update.win32_2.0.0.202105311346/tools/bin/../lib/gcc/arm-none-eabi/9.3.1/../../../../arm-none-eabi/lib/thumb/v7e-m+fp/hard\libm.a(lib_a-s_atan.o)
                              c:/st/stm32cubeide_1.7.0/stm32cubeide/plugins/com.st.stm32cube.ide.mcu.externaltools.gnu-tools-for-stm32.9-2020-q2-update.win32_2.0.0.202105311346/tools/bin/../lib/gcc/arm-none-eabi/9.3.1/../../../../arm-none-eabi/lib/thumb/v7e-m+fp/hard\libm.a(lib_a-e_atan2.o) (atan)
c:/st/stm32cubeide_1.7.0/stm32cubeide/plugins/com.st.stm32cube.ide.mcu.externaltools.gnu-tools-for-stm32.9-2020-q2-update.win32_2.0.0.202105311346/tools/bin/../lib/gcc/arm-none-eabi/9.3.1/../../../../arm-none-eabi/lib/thumb/v7e-m+fp/hard\libm.a(lib_a-s_fabs.o)
                              c:/st/stm32cubeide_1.7.0/stm32cubeide/plugins/com.st.stm32cube.ide.mcu.externaltools.gnu-tools-for-stm32.9-2020-q2-update.win32_2.0.0.202105311346/tools/bin/../lib/gcc/arm-none-eabi/9.3.1/../../../../arm-none-eabi/lib/thumb/v7e-m+fp/hard\libm.a(lib_a-e_atan2.o) (fabs)
c:/st/stm32cubeide_1.7.0/stm32cubeide/plugins/com.st.stm32cube.ide.mcu.externaltools.gnu-tools-for-stm32.9-2020-q2-update.win32_2.0.0.202105311346/tools/bin/../lib/gcc/arm-none-eabi/9.3.1/../../../../arm-none-eabi/lib/thumb/v7e-m+fp/hard\libm.a(lib_a-s_lib_ver.o)
[...]
Memory Configuration

Name             Origin             Length             Attributes
RAM              0x0000000020000000 0x0000000000020000 xrw
FLASH            0x0000000008000000 0x0000000000080000 xr
*default*        0x0000000000000000 0xffffffffffffffff

Linker script and memory map

LOAD c:/st/stm32cubeide_1.7.0/stm32cubeide/plugins/com.st.stm32cube.ide.mcu.externaltools.gnu-tools-for-stm32.9-2020-q2-update.win32_2.0.0.202105311346/tools/bin/../lib/gcc/arm-none-eabi/9.3.1/thumb/v7e-m+fp/hard/crti.o
LOAD c:/st/stm32cubeide_1.7.0/stm32cubeide/plugins/com.st.stm32cube.ide.mcu.externaltools.gnu-tools-for-stm32.9-2020-q2-update.win32_2.0.0.202105311346/tools/bin/../lib/gcc/arm-none-eabi/9.3.1/thumb/v7e-m+fp/hard/crtbegin.o
LOAD c:/st/stm32cubeide_1.7.0/stm32cubeide/plugins/com.st.stm32cube.ide.mcu.externaltools.gnu-tools-for-stm32.9-2020-q2-update.win32_2.0.0.202105311346/tools/bin/../lib/gcc/arm-none-eabi/9.3.1/../../../../arm-none-eabi/lib/thumb/v7e-m+fp/hard/crt0.o
LOAD ./Core/Src/ArduinoWrapper.o
LOAD ./Core/Src/dma.o
LOAD ./Core/Src/gpio.o
LOAD ./Core/Src/i2c.o
LOAD ./Core/Src/main.o
LOAD ./Core/Src/sdio.o
LOAD ./Core/Src/stm32f4xx_hal_msp.o
LOAD ./Core/Src/stm32f4xx_it.o
LOAD ./Core/Src/syscalls.o
LOAD ./Core/Src/sysmem.o
LOAD ./Core/Src/system_stm32f4xx.o
LOAD ./Core/Src/tim.o
LOAD ./Core/Src/usart.o
LOAD ./Core/Src/MPU6050/I2C.o
LOAD ./Core/Src/MPU6050/inv_mpu.o
LOAD ./Core/Src/MPU6050/inv_mpu_dmp_motion_driver.o
LOAD ./Core/Src/MPU6050/mpu6050.o
LOAD ./Core/Startup/startup_stm32f411retx.o
LOAD ./Drivers/STM32F4xx_HAL_Driver/Src/stm32f4xx_hal.o
LOAD ./Drivers/STM32F4xx_HAL_Driver/Src/stm32f4xx_hal_cortex.o
LOAD ./Drivers/STM32F4xx_HAL_Driver/Src/stm32f4xx_hal_dma.o
LOAD ./Drivers/STM32F4xx_HAL_Driver/Src/stm32f4xx_hal_dma_ex.o
LOAD ./Drivers/STM32F4xx_HAL_Driver/Src/stm32f4xx_hal_exti.o
LOAD ./Drivers/STM32F4xx_HAL_Driver/Src/stm32f4xx_hal_flash.o
LOAD ./Drivers/STM32F4xx_HAL_Driver/Src/stm32f4xx_hal_flash_ex.o
LOAD ./Drivers/STM32F4xx_HAL_Driver/Src/stm32f4xx_hal_flash_ramfunc.o
LOAD ./Drivers/STM32F4xx_HAL_Driver/Src/stm32f4xx_hal_gpio.o
LOAD ./Drivers/STM32F4xx_HAL_Driver/Src/stm32f4xx_hal_i2c.o
LOAD ./Drivers/STM32F4xx_HAL_Driver/Src/stm32f4xx_hal_i2c_ex.o
LOAD ./Drivers/STM32F4xx_HAL_Driver/Src/stm32f4xx_hal_pwr.o
LOAD ./Drivers/STM32F4xx_HAL_Driver/Src/stm32f4xx_hal_pwr_ex.o
LOAD ./Drivers/STM32F4xx_HAL_Driver/Src/stm32f4xx_hal_rcc.o
LOAD ./Drivers/STM32F4xx_HAL_Driver/Src/stm32f4xx_hal_rcc_ex.o
LOAD ./Drivers/STM32F4xx_HAL_Driver/Src/stm32f4xx_hal_sd.o
LOAD ./Drivers/STM32F4xx_HAL_Driver/Src/stm32f4xx_hal_tim.o
LOAD ./Drivers/STM32F4xx_HAL_Driver/Src/stm32f4xx_hal_tim_ex.o
LOAD ./Drivers/STM32F4xx_HAL_Driver/Src/stm32f4xx_hal_uart.o
LOAD ./Drivers/STM32F4xx_HAL_Driver/Src/stm32f4xx_ll_sdmmc.o
LOAD ./FATFS/App/fatfs.o
LOAD ./FATFS/Target/bsp_driver_sd.o
LOAD ./FATFS/Target/sd_diskio.o
LOAD ./Middlewares/Third_Party/FatFs/src/diskio.o
LOAD ./Middlewares/Third_Party/FatFs/src/ff.o
LOAD ./Middlewares/Third_Party/FatFs/src/ff_gen_drv.o
LOAD ./Middlewares/Third_Party/FatFs/src/option/syscall.o
START GROUP
LOAD c:/st/stm32cubeide_1.7.0/stm32cubeide/plugins/com.st.stm32cube.ide.mcu.externaltools.gnu-tools-for-stm32.9-2020-q2-update.win32_2.0.0.202105311346/tools/bin/../lib/gcc/arm-none-eabi/9.3.1/../../../../arm-none-eabi/lib/thumb/v7e-m+fp/hard\libstdc++_nano.a
LOAD c:/st/stm32cubeide_1.7.0/stm32cubeide/plugins/com.st.stm32cube.ide.mcu.externaltools.gnu-tools-for-stm32.9-2020-q2-update.win32_2.0.0.202105311346/tools/bin/../lib/gcc/arm-none-eabi/9.3.1/../../../../arm-none-eabi/lib/thumb/v7e-m+fp/hard\libsupc++_nano.a
END GROUP
LOAD c:/st/stm32cubeide_1.7.0/stm32cubeide/plugins/com.st.stm32cube.ide.mcu.externaltools.gnu-tools-for-stm32.9-2020-q2-update.win32_2.0.0.202105311346/tools/bin/../lib/gcc/arm-none-eabi/9.3.1/../../../../arm-none-eabi/lib/thumb/v7e-m+fp/hard\libstdc++_nano.a
LOAD c:/st/stm32cubeide_1.7.0/stm32cubeide/plugins/com.st.stm32cube.ide.mcu.externaltools.gnu-tools-for-stm32.9-2020-q2-update.win32_2.0.0.202105311346/tools/bin/../lib/gcc/arm-none-eabi/9.3.1/../../../../arm-none-eabi/lib/thumb/v7e-m+fp/hard\libm.a
LOAD c:/st/stm32cubeide_1.7.0/stm32cubeide/plugins/com.st.stm32cube.ide.mcu.externaltools.gnu-tools-for-stm32.9-2020-q2-update.win32_2.0.0.202105311346/tools/bin/../lib/gcc/arm-none-eabi/9.3.1/../../../../arm-none-eabi/lib/thumb/v7e-m+fp/hard\libc_nano.a
START GROUP
LOAD c:/st/stm32cubeide_1.7.0/stm32cubeide/plugins/com.st.stm32cube.ide.mcu.externaltools.gnu-tools-for-stm32.9-2020-q2-update.win32_2.0.0.202105311346/tools/bin/../lib/gcc/arm-none-eabi/9.3.1/thumb/v7e-m+fp/hard\libgcc.a
LOAD c:/st/stm32cubeide_1.7.0/stm32cubeide/plugins/com.st.stm32cube.ide.mcu.externaltools.gnu-tools-for-stm32.9-2020-q2-update.win32_2.0.0.202105311346/tools/bin/../lib/gcc/arm-none-eabi/9.3.1/../../../../arm-none-eabi/lib/thumb/v7e-m+fp/hard\libc_nano.a
END GROUP
START GROUP
LOAD c:/st/stm32cubeide_1.7.0/stm32cubeide/plugins/com.st.stm32cube.ide.mcu.externaltools.gnu-tools-for-stm32.9-2020-q2-update.win32_2.0.0.202105311346/tools/bin/../lib/gcc/arm-none-eabi/9.3.1/thumb/v7e-m+fp/hard\libgcc.a
LOAD c:/st/stm32cubeide_1.7.0/stm32cubeide/plugins/com.st.stm32cube.ide.mcu.externaltools.gnu-tools-for-stm32.9-2020-q2-update.win32_2.0.0.202105311346/tools/bin/../lib/gcc/arm-none-eabi/9.3.1/../../../../arm-none-eabi/lib/thumb/v7e-m+fp/hard\libc_nano.a
END GROUP
LOAD c:/st/stm32cubeide_1.7.0/stm32cubeide/plugins/com.st.stm32cube.ide.mcu.externaltools.gnu-tools-for-stm32.9-2020-q2-update.win32_2.0.0.202105311346/tools/bin/../lib/gcc/arm-none-eabi/9.3.1/thumb/v7e-m+fp/hard/crtend.o
LOAD c:/st/stm32cubeide_1.7.0/stm32cubeide/plugins/com.st.stm32cube.ide.mcu.externaltools.gnu-tools-for-stm32.9-2020-q2-update.win32_2.0.0.202105311346/tools/bin/../lib/gcc/arm-none-eabi/9.3.1/thumb/v7e-m+fp/hard/crtn.o
                0x0000000020020000                _estack = (ORIGIN (RAM) + LENGTH (RAM))
                0x0000000000000200                _Min_Heap_Size = 0x200
                0x0000000000000400                _Min_Stack_Size = 0x400

.isr_vector     0x0000000008000000      0x198
                0x0000000008000000                . = ALIGN (0x4)
 *(.isr_vector)
 .isr_vector    0x0000000008000000      0x198 ./Core/Startup/startup_stm32f411retx.o
                0x0000000008000000                g_pfnVectors
                0x0000000008000198                . = ALIGN (0x4)

.text           0x00000000080001a0    0x10c2c
                0x00000000080001a0                . = ALIGN (0x4)
 *(.text)
 .text          0x00000000080001a0       0x40 c:/st/stm32cubeide_1.7.0/stm32cubeide/plugins/com.st.stm32cube.ide.mcu.externaltools.gnu-tools-for-stm32.9-2020-q2-update.win32_2.0.0.202105311346/tools/bin/../lib/gcc/arm-none-eabi/9.3.1/thumb/v7e-m+fp/hard/crtbegin.o
 .text          0x00000000080001e0       0x10 c:/st/stm32cubeide_1.7.0/stm32cubeide/plugins/com.st.stm32cube.ide.mcu.externaltools.gnu-tools-for-stm32.9-2020-q2-update.win32_2.0.0.202105311346/tools/bin/../lib/gcc/arm-none-eabi/9.3.1/../../../../arm-none-eabi/lib/thumb/v7e-m+fp/hard\libc_nano.a(lib_a-strlen.o)
                0x00000000080001e0                strlen
 .text          0x00000000080001f0       0xa0 c:/st/stm32cubeide_1.7.0/stm32cubeide/plugins/com.st.stm32cube.ide.mcu.externaltools.gnu-tools-for-stm32.9-2020-q2-update.win32_2.0.0.202105311346/tools/bin/../lib/gcc/arm-none-eabi/9.3.1/../../../../arm-none-eabi/lib/thumb/v7e-m+fp/hard\libc_nano.a(lib_a-memchr.o)
                0x00000000080001f0                memchr
 .text          0x0000000008000290      0x378 c:/st/stm32cubeide_1.7.0/stm32cubeide/plugins/com.st.stm32cube.ide.mcu.externaltools.gnu-tools-for-stm32.9-2020-q2-update.win32_2.0.0.202105311346/tools/bin/../lib/gcc/arm-none-eabi/9.3.1/thumb/v7e-m+fp/hard\libgcc.a(_arm_addsubdf3.o)
                0x0000000008000290                __aeabi_drsub
                0x0000000008000298                __aeabi_dsub
                0x0000000008000298                __subdf3
                0x000000000800029c                __aeabi_dadd
                0x000000000800029c                __adddf3
                0x0000000008000514                __floatunsidf
                0x0000000008000514                __aeabi_ui2d
                0x0000000008000534                __floatsidf
                0x0000000008000534                __aeabi_i2d
                0x0000000008000558                __aeabi_f2d
                0x0000000008000558                __extendsfdf2
                0x000000000800059c                __floatundidf
                0x000000000800059c                __aeabi_ul2d
                0x00000000080005ac                __floatdidf
                0x00000000080005ac                __aeabi_l2d
 .text          0x0000000008000608      0x424 c:/st/stm32cubeide_1.7.0/stm32cubeide/plugins/com.st.stm32cube.ide.mcu.externaltools.gnu-tools-for-stm32.9-2020-q2-update.win32_2.0.0.202105311346/tools/bin/../lib/gcc/arm-none-eabi/9.3.1/thumb/v7e-m+fp/hard\libgcc.a(_arm_muldivdf3.o)
                0x0000000008000608                __aeabi_dmul
                0x0000000008000608                __muldf3
                0x000000000800085c                __divdf3
                0x000000000800085c                __aeabi_ddiv
 .text          0x0000000008000a2c      0x110 c:/st/stm32cubeide_1.7.0/stm32cubeide/plugins/com.st.stm32cube.ide.mcu.externaltools.gnu-tools-for-stm32.9-2020-q2-update.win32_2.0.0.202105311346/tools/bin/../lib/gcc/arm-none-eabi/9.3.1/thumb/v7e-m+fp/hard\libgcc.a(_arm_cmpdf2.o)
                0x0000000008000a2c                __gtdf2
                0x0000000008000a2c                __gedf2
                0x0000000008000a34                __ltdf2
                0x0000000008000a34                __ledf2
                0x0000000008000a3c                __nedf2
                0x0000000008000a3c                __eqdf2
                0x0000000008000a3c                __cmpdf2
                0x0000000008000ab8                __aeabi_cdrcmple
                0x0000000008000ac8                __aeabi_cdcmpeq
                0x0000000008000ac8                __aeabi_cdcmple
                0x0000000008000ad8                __aeabi_dcmpeq
                0x0000000008000aec                __aeabi_dcmplt
                0x0000000008000b00                __aeabi_dcmple
                0x0000000008000b14                __aeabi_dcmpge
                0x0000000008000b28                __aeabi_dcmpgt
 .text          0x0000000008000b3c       0x2c c:/st/stm32cubeide_1.7.0/stm32cubeide/plugins/com.st.stm32cube.ide.mcu.externaltools.gnu-tools-for-stm32.9-2020-q2-update.win32_2.0.0.202105311346/tools/bin/../lib/gcc/arm-none-eabi/9.3.1/thumb/v7e-m+fp/hard\libgcc.a(_arm_unorddf2.o)
                0x0000000008000b3c                __unorddf2
                0x0000000008000b3c                __aeabi_dcmpun
 .text          0x0000000008000b68       0x50 c:/st/stm32cubeide_1.7.0/stm32cubeide/plugins/com.st.stm32cube.ide.mcu.externaltools.gnu-tools-for-stm32.9-2020-q2-update.win32_2.0.0.202105311346/tools/bin/../lib/gcc/arm-none-eabi/9.3.1/thumb/v7e-m+fp/hard\libgcc.a(_arm_fixdfsi.o)
                0x0000000008000b68                __aeabi_d2iz
                0x0000000008000b68                __fixdfsi
 .text          0x0000000008000bb8       0x40 c:/st/stm32cubeide_1.7.0/stm32cubeide/plugins/com.st.stm32cube.ide.mcu.externaltools.gnu-tools-for-stm32.9-2020-q2-update.win32_2.0.0.202105311346/tools/bin/../lib/gcc/arm-none-eabi/9.3.1/thumb/v7e-m+fp/hard\libgcc.a(_arm_fixunsdfsi.o)
                0x0000000008000bb8                __aeabi_d2uiz
                0x0000000008000bb8                __fixunsdfsi
 .text          0x0000000008000bf8       0xa0 c:/st/stm32cubeide_1.7.0/stm32cubeide/plugins/com.st.stm32cube.ide.mcu.externaltools.gnu-tools-for-stm32.9-2020-q2-update.win32_2.0.0.202105311346/tools/bin/../lib/gcc/arm-none-eabi/9.3.1/thumb/v7e-m+fp/hard\libgcc.a(_arm_truncdfsf2.o)
                0x0000000008000bf8                __truncdfsf2
                0x0000000008000bf8                __aeabi_d2f
 .text          0x0000000008000c98       0xa0 c:/st/stm32cubeide_1.7.0/stm32cubeide/plugins/com.st.stm32cube.ide.mcu.externaltools.gnu-tools-for-stm32.9-2020-q2-update.win32_2.0.0.202105311346/tools/bin/../lib/gcc/arm-none-eabi/9.3.1/thumb/v7e-m+fp/hard\libgcc.a(_aeabi_ldivmod.o)
                0x0000000008000c98                __aeabi_ldivmod
 .text          0x0000000008000d38       0x30 c:/st/stm32cubeide_1.7.0/stm32cubeide/plugins/com.st.stm32cube.ide.mcu.externaltools.gnu-tools-for-stm32.9-2020-q2-update.win32_2.0.0.202105311346/tools/bin/../lib/gcc/arm-none-eabi/9.3.1/thumb/v7e-m+fp/hard\libgcc.a(_aeabi_uldivmod.o)
                0x0000000008000d38                __aeabi_uldivmod
 .text          0x0000000008000d68       0x30 c:/st/stm32cubeide_1.7.0/stm32cubeide/plugins/com.st.stm32cube.ide.mcu.externaltools.gnu-tools-for-stm32.9-2020-q2-update.win32_2.0.0.202105311346/tools/bin/../lib/gcc/arm-none-eabi/9.3.1/thumb/v7e-m+fp/hard\libgcc.a(_fixdfdi.o)
                0x0000000008000d68                __fixdfdi
                0x0000000008000d68                __aeabi_d2lz
 .text          0x0000000008000d98       0x3c c:/st/stm32cubeide_1.7.0/stm32cubeide/plugins/com.st.stm32cube.ide.mcu.externaltools.gnu-tools-for-stm32.9-2020-q2-update.win32_2.0.0.202105311346/tools/bin/../lib/gcc/arm-none-eabi/9.3.1/thumb/v7e-m+fp/hard\libgcc.a(_fixunsdfdi.o)
                0x0000000008000d98                __fixunsdfdi
                0x0000000008000d98                __aeabi_d2ulz
 .text          0x0000000008000dd4      0x2c4 c:/st/stm32cubeide_1.7.0/stm32cubeide/plugins/com.st.stm32cube.ide.mcu.externaltools.gnu-tools-for-stm32.9-2020-q2-update.win32_2.0.0.202105311346/tools/bin/../lib/gcc/arm-none-eabi/9.3.1/thumb/v7e-m+fp/hard\libgcc.a(_udivmoddi4.o)
                0x0000000008000dd4                __udivmoddi4
 .text          0x0000000008001098        0x4 c:/st/stm32cubeide_1.7.0/stm32cubeide/plugins/com.st.stm32cube.ide.mcu.externaltools.gnu-tools-for-stm32.9-2020-q2-update.win32_2.0.0.202105311346/tools/bin/../lib/gcc/arm-none-eabi/9.3.1/thumb/v7e-m+fp/hard\libgcc.a(_dvmd_tls.o)
                0x0000000008001098                __aeabi_idiv0
                0x0000000008001098                __aeabi_ldiv0
 *(.text*)
 .text.__io_putchar
                0x000000000800109c       0x24 ./Core/Src/ArduinoWrapper.o
                0x000000000800109c                __io_putchar
 .text.MX_DMA_Init
                0x00000000080010c0       0x50 ./Core/Src/dma.o
                0x00000000080010c0                MX_DMA_Init
 .text.MX_GPIO_Init
                0x0000000008001110      0x11c ./Core/Src/gpio.o
                0x0000000008001110                MX_GPIO_Init
 .text.MX_I2C1_Init
                0x000000000800122c       0x5c ./Core/Src/i2c.o
                0x000000000800122c                MX_I2C1_Init
 .text.HAL_I2C_MspInit
                0x0000000008001288       0x90 ./Core/Src/i2c.o
                0x0000000008001288                HAL_I2C_MspInit
 .text.main     0x0000000008001318      0x16c ./Core/Src/main.o
                0x0000000008001318                main
 .text._Z18SystemClock_Configv
                0x0000000008001484       0xe4 ./Core/Src/main.o
                0x0000000008001484                SystemClock_Config()
 .text.Error_Handler
                0x0000000008001568        0xa ./Core/Src/main.o
                0x0000000008001568                Error_Handler
 *fill*         0x0000000008001572        0x2 
 .text.MX_SDIO_SD_Init
                0x0000000008001574       0x40 ./Core/Src/sdio.o
                0x0000000008001574                MX_SDIO_SD_Init
 .text.HAL_SD_MspInit
                0x00000000080015b4      0x220 ./Core/Src/sdio.o
                0x00000000080015b4                HAL_SD_MspInit
 .text.HAL_MspInit
                0x00000000080017d4       0x50 ./Core/Src/stm32f4xx_hal_msp.o
                0x00000000080017d4                HAL_MspInit
 .text.NMI_Handler
                0x0000000008001824        0x6 ./Core/Src/stm32f4xx_it.o
                0x0000000008001824                NMI_Handler
 .text.HardFault_Handler
                0x000000000800182a        0x6 ./Core/Src/stm32f4xx_it.o
                0x000000000800182a                HardFault_Handler
 .text.MemManage_Handler
                0x0000000008001830        0x6 ./Core/Src/stm32f4xx_it.o
                0x0000000008001830                MemManage_Handler
 .text.BusFault_Handler
                0x0000000008001836        0x6 ./Core/Src/stm32f4xx_it.o
                0x0000000008001836                BusFault_Handler
 .text.UsageFault_Handler
                0x000000000800183c        0x6 ./Core/Src/stm32f4xx_it.o
                0x000000000800183c                UsageFault_Handler
 .text.SVC_Handler
                0x0000000008001842        0xe ./Core/Src/stm32f4xx_it.o
                0x0000000008001842                SVC_Handler
 .text.DebugMon_Handler
                0x0000000008001850        0xe ./Core/Src/stm32f4xx_it.o
                0x0000000008001850                DebugMon_Handler
 .text.PendSV_Handler
                0x000000000800185e        0xe ./Core/Src/stm32f4xx_it.o
                0x000000000800185e                PendSV_Handler
 .text.SysTick_Handler
                0x000000000800186c        0xc ./Core/Src/stm32f4xx_it.o
                0x000000000800186c                SysTick_Handler
 .text.TIM3_IRQHandler
                0x0000000008001878       0x14 ./Core/Src/stm32f4xx_it.o
                0x0000000008001878                TIM3_IRQHandler
 .text.USART1_IRQHandler
                0x000000000800188c       0x14 ./Core/Src/stm32f4xx_it.o
                0x000000000800188c                USART1_IRQHandler
 .text.SDIO_IRQHandler
                0x00000000080018a0       0x14 ./Core/Src/stm32f4xx_it.o
                0x00000000080018a0                SDIO_IRQHandler
 .text.DMA2_Stream3_IRQHandler
                0x00000000080018b4       0x14 ./Core/Src/stm32f4xx_it.o
                0x00000000080018b4                DMA2_Stream3_IRQHandler
 .text.DMA2_Stream6_IRQHandler
                0x00000000080018c8       0x14 ./Core/Src/stm32f4xx_it.o
                0x00000000080018c8                DMA2_Stream6_IRQHandler
 .text.USART6_IRQHandler
                0x00000000080018dc       0x14 ./Core/Src/stm32f4xx_it.o
                0x00000000080018dc                USART6_IRQHandler
 .text._getpid  0x00000000080018f0       0x10 ./Core/Src/syscalls.o
                0x00000000080018f0                _getpid
 .text._kill    0x0000000008001900       0x20 ./Core/Src/syscalls.o
                0x0000000008001900                _kill
 .text._exit    0x0000000008001920       0x14 ./Core/Src/syscalls.o
                0x0000000008001920                _exit
 .text._read    0x0000000008001934       0x3a ./Core/Src/syscalls.o
                0x0000000008001934                _read
 .text._write   0x000000000800196e       0x38 ./Core/Src/syscalls.o
                0x000000000800196e                _write
 .text._close   0x00000000080019a6       0x18 ./Core/Src/syscalls.o
                0x00000000080019a6                _close
 .text._fstat   0x00000000080019be       0x20 ./Core/Src/syscalls.o
                0x00000000080019be                _fstat
 .text._isatty  0x00000000080019de       0x16 ./Core/Src/syscalls.o
                0x00000000080019de                _isatty
 .text._lseek   0x00000000080019f4       0x1a ./Core/Src/syscalls.o
                0x00000000080019f4                _lseek
 *fill*         0x0000000008001a0e        0x2 
 .text._sbrk    0x0000000008001a10       0x6c ./Core/Src/sysmem.o
                0x0000000008001a10                _sbrk
 .text.SystemInit
                0x0000000008001a7c       0x24 ./Core/Src/system_stm32f4xx.o
                0x0000000008001a7c                SystemInit
 .text.MX_TIM3_Init
                0x0000000008001aa0       0x9c ./Core/Src/tim.o
                0x0000000008001aa0                MX_TIM3_Init
 .text.HAL_TIM_Base_MspInit
                0x0000000008001b3c       0x50 ./Core/Src/tim.o
                0x0000000008001b3c                HAL_TIM_Base_MspInit
 .text.MX_USART1_UART_Init
                0x0000000008001b8c       0x54 ./Core/Src/usart.o
                0x0000000008001b8c                MX_USART1_UART_Init
 .text.MX_USART2_UART_Init
                0x0000000008001be0       0x54 ./Core/Src/usart.o
                0x0000000008001be0                MX_USART2_UART_Init
 .text.MX_USART6_UART_Init
                0x0000000008001c34       0x54 ./Core/Src/usart.o
                0x0000000008001c34                MX_USART6_UART_Init
 .text.HAL_UART_MspInit
                0x0000000008001c88      0x184 ./Core/Src/usart.o
                0x0000000008001c88                HAL_UART_MspInit
 .text.i2c_write
                0x0000000008001e0c       0x44 ./Core/Src/MPU6050/I2C.o
                0x0000000008001e0c                i2c_write
 .text.i2c_read
                0x0000000008001e50       0x44 ./Core/Src/MPU6050/I2C.o
                0x0000000008001e50                i2c_read
 .text.IICwriteBit
                0x0000000008001e94       0x7a ./Core/Src/MPU6050/I2C.o
                0x0000000008001e94                IICwriteBit
 .text.IICwriteBits
                0x0000000008001f0e       0x90 ./Core/Src/MPU6050/I2C.o
                0x0000000008001f0e                IICwriteBits
 .text.reg_int_cb
                0x0000000008001f9e       0x16 ./Core/Src/MPU6050/inv_mpu.o
 .text.set_int_enable
                0x0000000008001fb4       0xb4 ./Core/Src/MPU6050/inv_mpu.o
 .text.mpu_init
                0x0000000008002068      0x244 ./Core/Src/MPU6050/inv_mpu.o
                0x0000000008002068                mpu_init
 .text.mpu_lp_accel_mode
                0x00000000080022ac       0xf8 ./Core/Src/MPU6050/inv_mpu.o
                0x00000000080022ac                mpu_lp_accel_mode
 .text.mpu_reset_fifo
                0x00000000080023a4      0x208 ./Core/Src/MPU6050/inv_mpu.o
                0x00000000080023a4                mpu_reset_fifo
 .text.mpu_get_gyro_fsr
                0x00000000080025ac       0x68 ./Core/Src/MPU6050/inv_mpu.o
                0x00000000080025ac                mpu_get_gyro_fsr
 .text.mpu_set_gyro_fsr
                0x0000000008002614       0xa8 ./Core/Src/MPU6050/inv_mpu.o
                0x0000000008002614                mpu_set_gyro_fsr
 .text.mpu_get_accel_fsr
                0x00000000080026bc       0x74 ./Core/Src/MPU6050/inv_mpu.o
                0x00000000080026bc                mpu_get_accel_fsr
 .text.mpu_set_accel_fsr
                0x0000000008002730       0xd0 ./Core/Src/MPU6050/inv_mpu.o
                0x0000000008002730                mpu_set_accel_fsr
 .text.mpu_get_lpf
                0x0000000008002800       0x7c ./Core/Src/MPU6050/inv_mpu.o
                0x0000000008002800                mpu_get_lpf
 .text.mpu_set_lpf
                0x000000000800287c       0x9c ./Core/Src/MPU6050/inv_mpu.o
                0x000000000800287c                mpu_set_lpf
 .text.mpu_get_sample_rate
                0x0000000008002918       0x34 ./Core/Src/MPU6050/inv_mpu.o
                0x0000000008002918                mpu_get_sample_rate
 .text.mpu_set_sample_rate
                0x000000000800294c       0xcc ./Core/Src/MPU6050/inv_mpu.o
                0x000000000800294c                mpu_set_sample_rate
 .text.mpu_get_gyro_sens
                0x0000000008002a18       0x70 ./Core/Src/MPU6050/inv_mpu.o
                0x0000000008002a18                mpu_get_gyro_sens
 .text.mpu_get_accel_sens
                0x0000000008002a88       0x7c ./Core/Src/MPU6050/inv_mpu.o
                0x0000000008002a88                mpu_get_accel_sens
 .text.mpu_get_fifo_config
                0x0000000008002b04       0x24 ./Core/Src/MPU6050/inv_mpu.o
                0x0000000008002b04                mpu_get_fifo_config
 .text.mpu_configure_fifo
                0x0000000008002b28       0xa4 ./Core/Src/MPU6050/inv_mpu.o
                0x0000000008002b28                mpu_configure_fifo
 .text.mpu_set_sensors
                0x0000000008002bcc      0x10c ./Core/Src/MPU6050/inv_mpu.o
                0x0000000008002bcc                mpu_set_sensors
 .text.mpu_read_fifo_stream
                0x0000000008002cd8       0xfc ./Core/Src/MPU6050/inv_mpu.o
                0x0000000008002cd8                mpu_read_fifo_stream
 .text.mpu_set_bypass
                0x0000000008002dd4      0x18c ./Core/Src/MPU6050/inv_mpu.o
                0x0000000008002dd4                mpu_set_bypass
 .text.mpu_set_int_latched
                0x0000000008002f60       0x88 ./Core/Src/MPU6050/inv_mpu.o
                0x0000000008002f60                mpu_set_int_latched
 .text.get_accel_prod_shift
                0x0000000008002fe8      0x120 ./Core/Src/MPU6050/inv_mpu.o
 .text.accel_self_test
                0x0000000008003108      0x10c ./Core/Src/MPU6050/inv_mpu.o
 .text.gyro_self_test
                0x0000000008003214      0x180 ./Core/Src/MPU6050/inv_mpu.o
 .text.get_st_biases
                0x0000000008003394      0x614 ./Core/Src/MPU6050/inv_mpu.o
 .text.mpu_run_self_test
                0x00000000080039a8      0x1b8 ./Core/Src/MPU6050/inv_mpu.o
                0x00000000080039a8                mpu_run_self_test
 .text.mpu_write_mem
                0x0000000008003b60       0xa4 ./Core/Src/MPU6050/inv_mpu.o
                0x0000000008003b60                mpu_write_mem
 .text.mpu_read_mem
                0x0000000008003c04       0xa4 ./Core/Src/MPU6050/inv_mpu.o
                0x0000000008003c04                mpu_read_mem
 .text.mpu_load_firmware
                0x0000000008003ca8       0xfc ./Core/Src/MPU6050/inv_mpu.o
                0x0000000008003ca8                mpu_load_firmware
 .text.mpu_set_dmp_state
                0x0000000008003da4       0xa8 ./Core/Src/MPU6050/inv_mpu.o
                0x0000000008003da4                mpu_set_dmp_state
 .text.dmp_load_motion_driver_firmware
                0x0000000008003e4c       0x20 ./Core/Src/MPU6050/inv_mpu_dmp_motion_driver.o
                0x0000000008003e4c                dmp_load_motion_driver_firmware
 .text.dmp_set_orientation
                0x0000000008003e6c      0x1e4 ./Core/Src/MPU6050/inv_mpu_dmp_motion_driver.o
                0x0000000008003e6c                dmp_set_orientation
 .text.dmp_set_gyro_bias
                0x0000000008004050      0x1cc ./Core/Src/MPU6050/inv_mpu_dmp_motion_driver.o
                0x0000000008004050                dmp_set_gyro_bias
 .text.dmp_set_accel_bias
                0x000000000800421c      0x1b8 ./Core/Src/MPU6050/inv_mpu_dmp_motion_driver.o
                0x000000000800421c                dmp_set_accel_bias
 .text.dmp_set_fifo_rate
                0x00000000080043d4       0x90 ./Core/Src/MPU6050/inv_mpu_dmp_motion_driver.o
                0x00000000080043d4                dmp_set_fifo_rate
 .text.dmp_set_tap_thresh
                0x0000000008004464      0x26c ./Core/Src/MPU6050/inv_mpu_dmp_motion_driver.o
                0x0000000008004464                dmp_set_tap_thresh
 .text.dmp_set_tap_axes
                0x00000000080046d0       0x64 ./Core/Src/MPU6050/inv_mpu_dmp_motion_driver.o
                0x00000000080046d0                dmp_set_tap_axes
 .text.dmp_set_tap_count
                0x0000000008004734       0x42 ./Core/Src/MPU6050/inv_mpu_dmp_motion_driver.o
                0x0000000008004734                dmp_set_tap_count
 *fill*         0x0000000008004776        0x2 
 .text.dmp_set_tap_time
                0x0000000008004778       0x44 ./Core/Src/MPU6050/inv_mpu_dmp_motion_driver.o
                0x0000000008004778                dmp_set_tap_time
 .text.dmp_set_tap_time_multi
                0x00000000080047bc       0x44 ./Core/Src/MPU6050/inv_mpu_dmp_motion_driver.o
                0x00000000080047bc                dmp_set_tap_time_multi
 .text.dmp_set_shake_reject_thresh
                0x0000000008004800       0x60 ./Core/Src/MPU6050/inv_mpu_dmp_motion_driver.o
                0x0000000008004800                dmp_set_shake_reject_thresh
 .text.dmp_set_shake_reject_time
                0x0000000008004860       0x44 ./Core/Src/MPU6050/inv_mpu_dmp_motion_driver.o
                0x0000000008004860                dmp_set_shake_reject_time
 .text.dmp_set_shake_reject_timeout
                0x00000000080048a4       0x44 ./Core/Src/MPU6050/inv_mpu_dmp_motion_driver.o
                0x00000000080048a4                dmp_set_shake_reject_timeout
 .text.dmp_enable_feature
                0x00000000080048e8      0x250 ./Core/Src/MPU6050/inv_mpu_dmp_motion_driver.o
                0x00000000080048e8                dmp_enable_feature
 .text.dmp_enable_gyro_cal
                0x0000000008004b38       0x60 ./Core/Src/MPU6050/inv_mpu_dmp_motion_driver.o
                0x0000000008004b38                dmp_enable_gyro_cal
 .text.dmp_enable_lp_quat
                0x0000000008004b98       0x4e ./Core/Src/MPU6050/inv_mpu_dmp_motion_driver.o
                0x0000000008004b98                dmp_enable_lp_quat
 .text.dmp_enable_6x_lp_quat
                0x0000000008004be6       0x4e ./Core/Src/MPU6050/inv_mpu_dmp_motion_driver.o
                0x0000000008004be6                dmp_enable_6x_lp_quat
 .text.decode_gesture
                0x0000000008004c34       0x88 ./Core/Src/MPU6050/inv_mpu_dmp_motion_driver.o
 .text.dmp_read_fifo
                0x0000000008004cbc      0x2f4 ./Core/Src/MPU6050/inv_mpu_dmp_motion_driver.o
                0x0000000008004cbc                dmp_read_fifo
 .text.__NVIC_SystemReset
                0x0000000008004fb0       0x2c ./Core/Src/MPU6050/mpu6050.o
 .text.inv_row_2_scale
                0x0000000008004fdc       0x82 ./Core/Src/MPU6050/mpu6050.o
 .text.inv_orientation_matrix_to_scalar
                0x000000000800505e       0x50 ./Core/Src/MPU6050/mpu6050.o
 *fill*         0x00000000080050ae        0x2 
 .text.run_self_test
                0x00000000080050b0       0xd0 ./Core/Src/MPU6050/mpu6050.o
 .text.MPU6050_setClockSource
                0x0000000008005180       0x22 ./Core/Src/MPU6050/mpu6050.o
                0x0000000008005180                MPU6050_setClockSource
 .text.MPU6050_setFullScaleGyroRange
                0x00000000080051a2       0x22 ./Core/Src/MPU6050/mpu6050.o
                0x00000000080051a2                MPU6050_setFullScaleGyroRange
 .text.MPU6050_setFullScaleAccelRange
                0x00000000080051c4       0x22 ./Core/Src/MPU6050/mpu6050.o
                0x00000000080051c4                MPU6050_setFullScaleAccelRange
 .text.MPU6050_setSleepEnabled
                0x00000000080051e6       0x1e ./Core/Src/MPU6050/mpu6050.o
                0x00000000080051e6                MPU6050_setSleepEnabled
 .text.MPU6050_getDeviceID
                0x0000000008005204       0x28 ./Core/Src/MPU6050/mpu6050.o
                0x0000000008005204                MPU6050_getDeviceID
 .text.MPU6050_setI2CMasterModeEnabled
                0x000000000800522c       0x1e ./Core/Src/MPU6050/mpu6050.o
                0x000000000800522c                MPU6050_setI2CMasterModeEnabled
 .text.MPU6050_setI2CBypassEnabled
                0x000000000800524a       0x1e ./Core/Src/MPU6050/mpu6050.o
                0x000000000800524a                MPU6050_setI2CBypassEnabled
 .text.MPU6050_initialize
                0x0000000008005268       0x2c ./Core/Src/MPU6050/mpu6050.o
                0x0000000008005268                MPU6050_initialize
 .text.DMP_Init
                0x0000000008005294       0xf8 ./Core/Src/MPU6050/mpu6050.o
                0x0000000008005294                DMP_Init
 *fill*         0x000000000800538c        0x4 
 .text.Read_DMP
                0x0000000008005390      0x27c ./Core/Src/MPU6050/mpu6050.o
                0x0000000008005390                Read_DMP
 .text.Reset_Handler
                0x000000000800560c       0x50 ./Core/Startup/startup_stm32f411retx.o
                0x000000000800560c                Reset_Handler
 .text.Default_Handler
                0x000000000800565c        0x2 ./Core/Startup/startup_stm32f411retx.o
                0x000000000800565c                RTC_Alarm_IRQHandler
                0x000000000800565c                EXTI2_IRQHandler
                0x000000000800565c                SPI4_IRQHandler
                0x000000000800565c                TIM1_CC_IRQHandler
                0x000000000800565c                DMA2_Stream5_IRQHandler
                0x000000000800565c                DMA1_Stream5_IRQHandler
                0x000000000800565c                PVD_IRQHandler
                0x000000000800565c                TAMP_STAMP_IRQHandler
                0x000000000800565c                EXTI3_IRQHandler
                0x000000000800565c                TIM1_UP_TIM10_IRQHandler
                0x000000000800565c                I2C3_ER_IRQHandler
                0x000000000800565c                EXTI0_IRQHandler
                0x000000000800565c                I2C2_EV_IRQHandler
                0x000000000800565c                DMA1_Stream2_IRQHandler
                0x000000000800565c                FPU_IRQHandler
                0x000000000800565c                DMA2_Stream2_IRQHandler
                0x000000000800565c                SPI1_IRQHandler
                0x000000000800565c                TIM1_BRK_TIM9_IRQHandler
                0x000000000800565c                DMA2_Stream0_IRQHandler
                0x000000000800565c                TIM4_IRQHandler
                0x000000000800565c                I2C1_EV_IRQHandler
                0x000000000800565c                DMA1_Stream6_IRQHandler
                0x000000000800565c                DMA1_Stream1_IRQHandler
                0x000000000800565c                RCC_IRQHandler
                0x000000000800565c                Default_Handler
                0x000000000800565c                EXTI15_10_IRQHandler
                0x000000000800565c                ADC_IRQHandler
                0x000000000800565c                DMA1_Stream7_IRQHandler
                0x000000000800565c                SPI5_IRQHandler
                0x000000000800565c                TIM5_IRQHandler
                0x000000000800565c                DMA2_Stream7_IRQHandler
                0x000000000800565c                I2C3_EV_IRQHandler
                0x000000000800565c                EXTI9_5_IRQHandler
                0x000000000800565c                RTC_WKUP_IRQHandler
                0x000000000800565c                SPI2_IRQHandler
                0x000000000800565c                DMA1_Stream0_IRQHandler
                0x000000000800565c                EXTI4_IRQHandler
                0x000000000800565c                WWDG_IRQHandler
                0x000000000800565c                TIM2_IRQHandler
                0x000000000800565c                OTG_FS_WKUP_IRQHandler
                0x000000000800565c                TIM1_TRG_COM_TIM11_IRQHandler
                0x000000000800565c                EXTI1_IRQHandler
                0x000000000800565c                USART2_IRQHandler
                0x000000000800565c                I2C2_ER_IRQHandler
                0x000000000800565c                DMA2_Stream1_IRQHandler
                0x000000000800565c                FLASH_IRQHandler
                0x000000000800565c                DMA2_Stream4_IRQHandler
                0x000000000800565c                OTG_FS_IRQHandler
                0x000000000800565c                SPI3_IRQHandler
                0x000000000800565c                DMA1_Stream4_IRQHandler
                0x000000000800565c                I2C1_ER_IRQHandler
                0x000000000800565c                DMA1_Stream3_IRQHandler
 *fill*         0x000000000800565e        0x2 
 .text.HAL_Init
                0x0000000008005660       0x44 ./Drivers/STM32F4xx_HAL_Driver/Src/stm32f4xx_hal.o
                0x0000000008005660                HAL_Init
 .text.HAL_InitTick
                0x00000000080056a4       0x60 ./Drivers/STM32F4xx_HAL_Driver/Src/stm32f4xx_hal.o
                0x00000000080056a4                HAL_InitTick
 .text.HAL_IncTick
                0x0000000008005704       0x28 ./Drivers/STM32F4xx_HAL_Driver/Src/stm32f4xx_hal.o
                0x0000000008005704                HAL_IncTick
 .text.HAL_GetTick
                0x000000000800572c       0x18 ./Drivers/STM32F4xx_HAL_Driver/Src/stm32f4xx_hal.o
                0x000000000800572c                HAL_GetTick
 .text.HAL_Delay
                0x0000000008005744       0x48 ./Drivers/STM32F4xx_HAL_Driver/Src/stm32f4xx_hal.o
                0x0000000008005744                HAL_Delay
 .text.__NVIC_SetPriorityGrouping
                0x000000000800578c       0x48 ./Drivers/STM32F4xx_HAL_Driver/Src/stm32f4xx_hal_cortex.o
 .text.__NVIC_GetPriorityGrouping
                0x00000000080057d4       0x1c ./Drivers/STM32F4xx_HAL_Driver/Src/stm32f4xx_hal_cortex.o
 .text.__NVIC_EnableIRQ
                0x00000000080057f0       0x3c ./Drivers/STM32F4xx_HAL_Driver/Src/stm32f4xx_hal_cortex.o
 .text.__NVIC_SetPriority
                0x000000000800582c       0x54 ./Drivers/STM32F4xx_HAL_Driver/Src/stm32f4xx_hal_cortex.o
 .text.NVIC_EncodePriority
                0x0000000008005880       0x66 ./Drivers/STM32F4xx_HAL_Driver/Src/stm32f4xx_hal_cortex.o
 *fill*         0x00000000080058e6        0x2 
 .text.SysTick_Config
                0x00000000080058e8       0x44 ./Drivers/STM32F4xx_HAL_Driver/Src/stm32f4xx_hal_cortex.o
 .text.HAL_NVIC_SetPriorityGrouping
                0x000000000800592c       0x16 ./Drivers/STM32F4xx_HAL_Driver/Src/stm32f4xx_hal_cortex.o
                0x000000000800592c                HAL_NVIC_SetPriorityGrouping
 .text.HAL_NVIC_SetPriority
                0x0000000008005942       0x38 ./Drivers/STM32F4xx_HAL_Driver/Src/stm32f4xx_hal_cortex.o
                0x0000000008005942                HAL_NVIC_SetPriority
 .text.HAL_NVIC_EnableIRQ
                0x000000000800597a       0x1c ./Drivers/STM32F4xx_HAL_Driver/Src/stm32f4xx_hal_cortex.o
                0x000000000800597a                HAL_NVIC_EnableIRQ
 .text.HAL_SYSTICK_Config
                0x0000000008005996       0x18 ./Drivers/STM32F4xx_HAL_Driver/Src/stm32f4xx_hal_cortex.o
                0x0000000008005996                HAL_SYSTICK_Config
 *fill*         0x00000000080059ae        0x2 
 .text.HAL_DMA_Init
                0x00000000080059b0      0x15c ./Drivers/STM32F4xx_HAL_Driver/Src/stm32f4xx_hal_dma.o
                0x00000000080059b0                HAL_DMA_Init
 .text.HAL_DMA_Start_IT
                0x0000000008005b0c       0xb0 ./Drivers/STM32F4xx_HAL_Driver/Src/stm32f4xx_hal_dma.o
                0x0000000008005b0c                HAL_DMA_Start_IT
 .text.HAL_DMA_Abort
                0x0000000008005bbc       0xe0 ./Drivers/STM32F4xx_HAL_Driver/Src/stm32f4xx_hal_dma.o
                0x0000000008005bbc                HAL_DMA_Abort
 .text.HAL_DMA_Abort_IT
                0x0000000008005c9c       0x44 ./Drivers/STM32F4xx_HAL_Driver/Src/stm32f4xx_hal_dma.o
                0x0000000008005c9c                HAL_DMA_Abort_IT
 .text.HAL_DMA_IRQHandler
                0x0000000008005ce0      0x314 ./Drivers/STM32F4xx_HAL_Driver/Src/stm32f4xx_hal_dma.o
                0x0000000008005ce0                HAL_DMA_IRQHandler
 .text.HAL_DMA_GetError
                0x0000000008005ff4       0x18 ./Drivers/STM32F4xx_HAL_Driver/Src/stm32f4xx_hal_dma.o
                0x0000000008005ff4                HAL_DMA_GetError
 .text.DMA_SetConfig
                0x000000000800600c       0x5c ./Drivers/STM32F4xx_HAL_Driver/Src/stm32f4xx_hal_dma.o
 .text.DMA_CalcBaseAndBitshift
                0x0000000008006068       0x6c ./Drivers/STM32F4xx_HAL_Driver/Src/stm32f4xx_hal_dma.o
 .text.DMA_CheckFifoParam
                0x00000000080060d4       0xf8 ./Drivers/STM32F4xx_HAL_Driver/Src/stm32f4xx_hal_dma.o
 .text.HAL_GPIO_Init
                0x00000000080061cc      0x308 ./Drivers/STM32F4xx_HAL_Driver/Src/stm32f4xx_hal_gpio.o
                0x00000000080061cc                HAL_GPIO_Init
 .text.HAL_GPIO_WritePin
                0x00000000080064d4       0x32 ./Drivers/STM32F4xx_HAL_Driver/Src/stm32f4xx_hal_gpio.o
                0x00000000080064d4                HAL_GPIO_WritePin
 *fill*         0x0000000008006506        0x2 
 .text.HAL_I2C_Init
                0x0000000008006508      0x288 ./Drivers/STM32F4xx_HAL_Driver/Src/stm32f4xx_hal_i2c.o
                0x0000000008006508                HAL_I2C_Init
 .text.HAL_I2C_Mem_Write
                0x0000000008006790      0x1f4 ./Drivers/STM32F4xx_HAL_Driver/Src/stm32f4xx_hal_i2c.o
                0x0000000008006790                HAL_I2C_Mem_Write
 .text.HAL_I2C_Mem_Read
                0x0000000008006984      0x44c ./Drivers/STM32F4xx_HAL_Driver/Src/stm32f4xx_hal_i2c.o
                0x0000000008006984                HAL_I2C_Mem_Read
 .text.I2C_RequestMemoryWrite
                0x0000000008006dd0      0x12c ./Drivers/STM32F4xx_HAL_Driver/Src/stm32f4xx_hal_i2c.o
 .text.I2C_RequestMemoryRead
                0x0000000008006efc      0x1d0 ./Drivers/STM32F4xx_HAL_Driver/Src/stm32f4xx_hal_i2c.o
 .text.I2C_WaitOnFlagUntilTimeout
                0x00000000080070cc       0xae ./Drivers/STM32F4xx_HAL_Driver/Src/stm32f4xx_hal_i2c.o
 .text.I2C_WaitOnMasterAddressFlagUntilTimeout
                0x000000000800717a       0xfe ./Drivers/STM32F4xx_HAL_Driver/Src/stm32f4xx_hal_i2c.o
 .text.I2C_WaitOnTXEFlagUntilTimeout
                0x0000000008007278       0x82 ./Drivers/STM32F4xx_HAL_Driver/Src/stm32f4xx_hal_i2c.o
 .text.I2C_WaitOnBTFFlagUntilTimeout
                0x00000000080072fa       0x82 ./Drivers/STM32F4xx_HAL_Driver/Src/stm32f4xx_hal_i2c.o
 .text.I2C_WaitOnRXNEFlagUntilTimeout
                0x000000000800737c       0xac ./Drivers/STM32F4xx_HAL_Driver/Src/stm32f4xx_hal_i2c.o
 .text.I2C_IsAcknowledgeFailed
                0x0000000008007428       0x5e ./Drivers/STM32F4xx_HAL_Driver/Src/stm32f4xx_hal_i2c.o
 *fill*         0x0000000008007486        0x2 
 .text.HAL_RCC_OscConfig
                0x0000000008007488      0x4f0 ./Drivers/STM32F4xx_HAL_Driver/Src/stm32f4xx_hal_rcc.o
                0x0000000008007488                HAL_RCC_OscConfig
 .text.HAL_RCC_ClockConfig
                0x0000000008007978      0x1cc ./Drivers/STM32F4xx_HAL_Driver/Src/stm32f4xx_hal_rcc.o
                0x0000000008007978                HAL_RCC_ClockConfig
 .text.HAL_RCC_GetSysClockFreq
                0x0000000008007b44      0x1c4 ./Drivers/STM32F4xx_HAL_Driver/Src/stm32f4xx_hal_rcc.o
                0x0000000008007b44                HAL_RCC_GetSysClockFreq
 .text.HAL_RCC_GetHCLKFreq
                0x0000000008007d08       0x18 ./Drivers/STM32F4xx_HAL_Driver/Src/stm32f4xx_hal_rcc.o
                0x0000000008007d08                HAL_RCC_GetHCLKFreq
 .text.HAL_RCC_GetPCLK1Freq
                0x0000000008007d20       0x28 ./Drivers/STM32F4xx_HAL_Driver/Src/stm32f4xx_hal_rcc.o
                0x0000000008007d20                HAL_RCC_GetPCLK1Freq
 .text.HAL_RCC_GetPCLK2Freq
                0x0000000008007d48       0x28 ./Drivers/STM32F4xx_HAL_Driver/Src/stm32f4xx_hal_rcc.o
                0x0000000008007d48                HAL_RCC_GetPCLK2Freq
 .text.HAL_SD_Init
                0x0000000008007d70       0x60 ./Drivers/STM32F4xx_HAL_Driver/Src/stm32f4xx_hal_sd.o
                0x0000000008007d70                HAL_SD_Init
 .text.HAL_SD_InitCard
                0x0000000008007dd0       0xfc ./Drivers/STM32F4xx_HAL_Driver/Src/stm32f4xx_hal_sd.o
                0x0000000008007dd0                HAL_SD_InitCard
 .text.HAL_SD_ReadBlocks_DMA
                0x0000000008007ecc      0x1c4 ./Drivers/STM32F4xx_HAL_Driver/Src/stm32f4xx_hal_sd.o
                0x0000000008007ecc                HAL_SD_ReadBlocks_DMA
 .text.HAL_SD_WriteBlocks_DMA
                0x0000000008008090      0x1cc ./Drivers/STM32F4xx_HAL_Driver/Src/stm32f4xx_hal_sd.o
                0x0000000008008090                HAL_SD_WriteBlocks_DMA
 .text.HAL_SD_IRQHandler
                0x000000000800825c      0x30c ./Drivers/STM32F4xx_HAL_Driver/Src/stm32f4xx_hal_sd.o
                0x000000000800825c                HAL_SD_IRQHandler
 .text.HAL_SD_ErrorCallback
                0x0000000008008568       0x14 ./Drivers/STM32F4xx_HAL_Driver/Src/stm32f4xx_hal_sd.o
                0x0000000008008568                HAL_SD_ErrorCallback
 .text.HAL_SD_GetCardCSD
                0x000000000800857c      0x348 ./Drivers/STM32F4xx_HAL_Driver/Src/stm32f4xx_hal_sd.o
                0x000000000800857c                HAL_SD_GetCardCSD
 .text.HAL_SD_GetCardInfo
                0x00000000080088c4       0x58 ./Drivers/STM32F4xx_HAL_Driver/Src/stm32f4xx_hal_sd.o
                0x00000000080088c4                HAL_SD_GetCardInfo
 .text.HAL_SD_ConfigWideBusOperation
                0x000000000800891c      0x134 ./Drivers/STM32F4xx_HAL_Driver/Src/stm32f4xx_hal_sd.o
                0x000000000800891c                HAL_SD_ConfigWideBusOperation
 .text.HAL_SD_GetCardState
                0x0000000008008a50       0x40 ./Drivers/STM32F4xx_HAL_Driver/Src/stm32f4xx_hal_sd.o
                0x0000000008008a50                HAL_SD_GetCardState
 .text.SD_DMATransmitCplt
                0x0000000008008a90       0x2a ./Drivers/STM32F4xx_HAL_Driver/Src/stm32f4xx_hal_sd.o
 .text.SD_DMAReceiveCplt
                0x0000000008008aba       0x70 ./Drivers/STM32F4xx_HAL_Driver/Src/stm32f4xx_hal_sd.o
 *fill*         0x0000000008008b2a        0x2 
 .text.SD_DMAError
                0x0000000008008b2c       0xa4 ./Drivers/STM32F4xx_HAL_Driver/Src/stm32f4xx_hal_sd.o
 .text.SD_DMATxAbort
                0x0000000008008bd0       0x6e ./Drivers/STM32F4xx_HAL_Driver/Src/stm32f4xx_hal_sd.o
 .text.SD_DMARxAbort
                0x0000000008008c3e       0x6e ./Drivers/STM32F4xx_HAL_Driver/Src/stm32f4xx_hal_sd.o
 .text.SD_InitCard
                0x0000000008008cac      0x198 ./Drivers/STM32F4xx_HAL_Driver/Src/stm32f4xx_hal_sd.o
 .text.SD_PowerON
                0x0000000008008e44      0x11c ./Drivers/STM32F4xx_HAL_Driver/Src/stm32f4xx_hal_sd.o
 .text.SD_SendStatus
                0x0000000008008f60       0x50 ./Drivers/STM32F4xx_HAL_Driver/Src/stm32f4xx_hal_sd.o
 .text.SD_WideBus_Enable
                0x0000000008008fb0       0x96 ./Drivers/STM32F4xx_HAL_Driver/Src/stm32f4xx_hal_sd.o
 .text.SD_WideBus_Disable
                0x0000000008009046       0x96 ./Drivers/STM32F4xx_HAL_Driver/Src/stm32f4xx_hal_sd.o
 .text.SD_FindSCR
                0x00000000080090dc      0x1a6 ./Drivers/STM32F4xx_HAL_Driver/Src/stm32f4xx_hal_sd.o
 .text.SD_Read_IT
                0x0000000008009282       0xa2 ./Drivers/STM32F4xx_HAL_Driver/Src/stm32f4xx_hal_sd.o
 .text.SD_Write_IT
                0x0000000008009324       0xaa ./Drivers/STM32F4xx_HAL_Driver/Src/stm32f4xx_hal_sd.o
 .text.HAL_TIM_Base_Init
                0x00000000080093ce       0x9e ./Drivers/STM32F4xx_HAL_Driver/Src/stm32f4xx_hal_tim.o
                0x00000000080093ce                HAL_TIM_Base_Init
 .text.HAL_TIM_IRQHandler
                0x000000000800946c      0x210 ./Drivers/STM32F4xx_HAL_Driver/Src/stm32f4xx_hal_tim.o
                0x000000000800946c                HAL_TIM_IRQHandler
 .text.HAL_TIM_ConfigClockSource
                0x000000000800967c      0x18e ./Drivers/STM32F4xx_HAL_Driver/Src/stm32f4xx_hal_tim.o
                0x000000000800967c                HAL_TIM_ConfigClockSource
 .text.HAL_TIM_PeriodElapsedCallback
                0x000000000800980a       0x14 ./Drivers/STM32F4xx_HAL_Driver/Src/stm32f4xx_hal_tim.o
                0x000000000800980a                HAL_TIM_PeriodElapsedCallback
 .text.HAL_TIM_OC_DelayElapsedCallback
                0x000000000800981e       0x14 ./Drivers/STM32F4xx_HAL_Driver/Src/stm32f4xx_hal_tim.o
                0x000000000800981e                HAL_TIM_OC_DelayElapsedCallback
 .text.HAL_TIM_IC_CaptureCallback
                0x0000000008009832       0x14 ./Drivers/STM32F4xx_HAL_Driver/Src/stm32f4xx_hal_tim.o
                0x0000000008009832                HAL_TIM_IC_CaptureCallback
 .text.HAL_TIM_PWM_PulseFinishedCallback
                0x0000000008009846       0x14 ./Drivers/STM32F4xx_HAL_Driver/Src/stm32f4xx_hal_tim.o
                0x0000000008009846                HAL_TIM_PWM_PulseFinishedCallback
 .text.HAL_TIM_TriggerCallback
                0x000000000800985a       0x14 ./Drivers/STM32F4xx_HAL_Driver/Src/stm32f4xx_hal_tim.o
                0x000000000800985a                HAL_TIM_TriggerCallback
 *fill*         0x000000000800986e        0x2 
 .text.TIM_Base_SetConfig
                0x0000000008009870      0x100 ./Drivers/STM32F4xx_HAL_Driver/Src/stm32f4xx_hal_tim.o
                0x0000000008009870                TIM_Base_SetConfig
 .text.TIM_TI1_ConfigInputStage
                0x0000000008009970       0x5e ./Drivers/STM32F4xx_HAL_Driver/Src/stm32f4xx_hal_tim.o
 .text.TIM_TI2_ConfigInputStage
                0x00000000080099ce       0x60 ./Drivers/STM32F4xx_HAL_Driver/Src/stm32f4xx_hal_tim.o
 .text.TIM_ITRx_SetConfig
                0x0000000008009a2e       0x36 ./Drivers/STM32F4xx_HAL_Driver/Src/stm32f4xx_hal_tim.o
 .text.TIM_ETR_SetConfig
                0x0000000008009a64       0x40 ./Drivers/STM32F4xx_HAL_Driver/Src/stm32f4xx_hal_tim.o
                0x0000000008009a64                TIM_ETR_SetConfig
 .text.HAL_TIMEx_MasterConfigSynchronization
                0x0000000008009aa4       0xdc ./Drivers/STM32F4xx_HAL_Driver/Src/stm32f4xx_hal_tim_ex.o
                0x0000000008009aa4                HAL_TIMEx_MasterConfigSynchronization
 .text.HAL_TIMEx_CommutCallback
                0x0000000008009b80       0x14 ./Drivers/STM32F4xx_HAL_Driver/Src/stm32f4xx_hal_tim_ex.o
                0x0000000008009b80                HAL_TIMEx_CommutCallback
 .text.HAL_TIMEx_BreakCallback
                0x0000000008009b94       0x14 ./Drivers/STM32F4xx_HAL_Driver/Src/stm32f4xx_hal_tim_ex.o
                0x0000000008009b94                HAL_TIMEx_BreakCallback
 .text.HAL_UART_Init
                0x0000000008009ba8       0x9a ./Drivers/STM32F4xx_HAL_Driver/Src/stm32f4xx_hal_uart.o
                0x0000000008009ba8                HAL_UART_Init
 .text.HAL_UART_Transmit
                0x0000000008009c42      0x124 ./Drivers/STM32F4xx_HAL_Driver/Src/stm32f4xx_hal_uart.o
                0x0000000008009c42                HAL_UART_Transmit
 *fill*         0x0000000008009d66        0x2 
 .text.HAL_UART_IRQHandler
                0x0000000008009d68      0x51c ./Drivers/STM32F4xx_HAL_Driver/Src/stm32f4xx_hal_uart.o
                0x0000000008009d68                HAL_UART_IRQHandler
 .text.HAL_UART_TxCpltCallback
                0x000000000800a284       0x14 ./Drivers/STM32F4xx_HAL_Driver/Src/stm32f4xx_hal_uart.o
                0x000000000800a284                HAL_UART_TxCpltCallback
 .text.HAL_UART_RxCpltCallback
                0x000000000800a298       0x14 ./Drivers/STM32F4xx_HAL_Driver/Src/stm32f4xx_hal_uart.o
                0x000000000800a298                HAL_UART_RxCpltCallback
 .text.HAL_UART_ErrorCallback
                0x000000000800a2ac       0x14 ./Drivers/STM32F4xx_HAL_Driver/Src/stm32f4xx_hal_uart.o
                0x000000000800a2ac                HAL_UART_ErrorCallback
 .text.HAL_UARTEx_RxEventCallback
                0x000000000800a2c0       0x18 ./Drivers/STM32F4xx_HAL_Driver/Src/stm32f4xx_hal_uart.o
                0x000000000800a2c0                HAL_UARTEx_RxEventCallback
 .text.UART_WaitOnFlagUntilTimeout
                0x000000000800a2d8       0xdc ./Drivers/STM32F4xx_HAL_Driver/Src/stm32f4xx_hal_uart.o
 .text.UART_EndRxTransfer
                0x000000000800a3b4       0xc6 ./Drivers/STM32F4xx_HAL_Driver/Src/stm32f4xx_hal_uart.o
 .text.UART_DMAAbortOnError
                0x000000000800a47a       0x28 ./Drivers/STM32F4xx_HAL_Driver/Src/stm32f4xx_hal_uart.o
 .text.UART_Transmit_IT
                0x000000000800a4a2       0xa0 ./Drivers/STM32F4xx_HAL_Driver/Src/stm32f4xx_hal_uart.o
 .text.UART_EndTransmit_IT
                0x000000000800a542       0x30 ./Drivers/STM32F4xx_HAL_Driver/Src/stm32f4xx_hal_uart.o
 .text.UART_Receive_IT
                0x000000000800a572      0x176 ./Drivers/STM32F4xx_HAL_Driver/Src/stm32f4xx_hal_uart.o
 .text.UART_SetConfig
                0x000000000800a6e8      0x390 ./Drivers/STM32F4xx_HAL_Driver/Src/stm32f4xx_hal_uart.o
 .text.SDIO_Init
                0x000000000800aa78       0x56 ./Drivers/STM32F4xx_HAL_Driver/Src/stm32f4xx_ll_sdmmc.o
                0x000000000800aa78                SDIO_Init
 .text.SDIO_ReadFIFO
                0x000000000800aace       0x1a ./Drivers/STM32F4xx_HAL_Driver/Src/stm32f4xx_ll_sdmmc.o
                0x000000000800aace                SDIO_ReadFIFO
 .text.SDIO_WriteFIFO
                0x000000000800aae8       0x22 ./Drivers/STM32F4xx_HAL_Driver/Src/stm32f4xx_ll_sdmmc.o
                0x000000000800aae8                SDIO_WriteFIFO
 .text.SDIO_PowerState_ON
                0x000000000800ab0a       0x1e ./Drivers/STM32F4xx_HAL_Driver/Src/stm32f4xx_ll_sdmmc.o
                0x000000000800ab0a                SDIO_PowerState_ON
 .text.SDIO_GetPowerState
                0x000000000800ab28       0x1c ./Drivers/STM32F4xx_HAL_Driver/Src/stm32f4xx_ll_sdmmc.o
                0x000000000800ab28                SDIO_GetPowerState
 .text.SDIO_SendCommand
                0x000000000800ab44       0x54 ./Drivers/STM32F4xx_HAL_Driver/Src/stm32f4xx_ll_sdmmc.o
                0x000000000800ab44                SDIO_SendCommand
 .text.SDIO_GetCommandResponse
                0x000000000800ab98       0x1a ./Drivers/STM32F4xx_HAL_Driver/Src/stm32f4xx_ll_sdmmc.o
                0x000000000800ab98                SDIO_GetCommandResponse
 .text.SDIO_GetResponse
                0x000000000800abb2       0x26 ./Drivers/STM32F4xx_HAL_Driver/Src/stm32f4xx_ll_sdmmc.o
                0x000000000800abb2                SDIO_GetResponse
 .text.SDIO_ConfigData
                0x000000000800abd8       0x58 ./Drivers/STM32F4xx_HAL_Driver/Src/stm32f4xx_ll_sdmmc.o
                0x000000000800abd8                SDIO_ConfigData
 .text.SDMMC_CmdBlockLength
                0x000000000800ac30       0x44 ./Drivers/STM32F4xx_HAL_Driver/Src/stm32f4xx_ll_sdmmc.o
                0x000000000800ac30                SDMMC_CmdBlockLength
 .text.SDMMC_CmdReadSingleBlock
                0x000000000800ac74       0x44 ./Drivers/STM32F4xx_HAL_Driver/Src/stm32f4xx_ll_sdmmc.o
                0x000000000800ac74                SDMMC_CmdReadSingleBlock
 .text.SDMMC_CmdReadMultiBlock
                0x000000000800acb8       0x44 ./Drivers/STM32F4xx_HAL_Driver/Src/stm32f4xx_ll_sdmmc.o
                0x000000000800acb8                SDMMC_CmdReadMultiBlock
 .text.SDMMC_CmdWriteSingleBlock
                0x000000000800acfc       0x44 ./Drivers/STM32F4xx_HAL_Driver/Src/stm32f4xx_ll_sdmmc.o
                0x000000000800acfc                SDMMC_CmdWriteSingleBlock
 .text.SDMMC_CmdWriteMultiBlock
                0x000000000800ad40       0x44 ./Drivers/STM32F4xx_HAL_Driver/Src/stm32f4xx_ll_sdmmc.o
                0x000000000800ad40                SDMMC_CmdWriteMultiBlock
 .text.SDMMC_CmdStopTransfer
                0x000000000800ad84       0x44 ./Drivers/STM32F4xx_HAL_Driver/Src/stm32f4xx_ll_sdmmc.o
                0x000000000800ad84                SDMMC_CmdStopTransfer
 .text.SDMMC_CmdSelDesel
                0x000000000800adc8       0x46 ./Drivers/STM32F4xx_HAL_Driver/Src/stm32f4xx_ll_sdmmc.o
                0x000000000800adc8                SDMMC_CmdSelDesel
 .text.SDMMC_CmdGoIdleState
                0x000000000800ae0e       0x3c ./Drivers/STM32F4xx_HAL_Driver/Src/stm32f4xx_ll_sdmmc.o
                0x000000000800ae0e                SDMMC_CmdGoIdleState
 .text.SDMMC_CmdOperCond
                0x000000000800ae4a       0x3e ./Drivers/STM32F4xx_HAL_Driver/Src/stm32f4xx_ll_sdmmc.o
                0x000000000800ae4a                SDMMC_CmdOperCond
 .text.SDMMC_CmdAppCommand
                0x000000000800ae88       0x44 ./Drivers/STM32F4xx_HAL_Driver/Src/stm32f4xx_ll_sdmmc.o
                0x000000000800ae88                SDMMC_CmdAppCommand
 .text.SDMMC_CmdAppOperCommand
                0x000000000800aecc       0x46 ./Drivers/STM32F4xx_HAL_Driver/Src/stm32f4xx_ll_sdmmc.o
                0x000000000800aecc                SDMMC_CmdAppOperCommand
 .text.SDMMC_CmdBusWidth
                0x000000000800af12       0x44 ./Drivers/STM32F4xx_HAL_Driver/Src/stm32f4xx_ll_sdmmc.o
                0x000000000800af12                SDMMC_CmdBusWidth
 .text.SDMMC_CmdSendSCR
                0x000000000800af56       0x42 ./Drivers/STM32F4xx_HAL_Driver/Src/stm32f4xx_ll_sdmmc.o
                0x000000000800af56                SDMMC_CmdSendSCR
 .text.SDMMC_CmdSendCID
                0x000000000800af98       0x3c ./Drivers/STM32F4xx_HAL_Driver/Src/stm32f4xx_ll_sdmmc.o
                0x000000000800af98                SDMMC_CmdSendCID
 .text.SDMMC_CmdSendCSD
                0x000000000800afd4       0x3e ./Drivers/STM32F4xx_HAL_Driver/Src/stm32f4xx_ll_sdmmc.o
                0x000000000800afd4                SDMMC_CmdSendCSD
 .text.SDMMC_CmdSetRelAdd
                0x000000000800b012       0x42 ./Drivers/STM32F4xx_HAL_Driver/Src/stm32f4xx_ll_sdmmc.o
                0x000000000800b012                SDMMC_CmdSetRelAdd
 .text.SDMMC_CmdSendStatus
                0x000000000800b054       0x44 ./Drivers/STM32F4xx_HAL_Driver/Src/stm32f4xx_ll_sdmmc.o
                0x000000000800b054                SDMMC_CmdSendStatus
 .text.SDMMC_GetCmdError
                0x000000000800b098       0x58 ./Drivers/STM32F4xx_HAL_Driver/Src/stm32f4xx_ll_sdmmc.o
 .text.SDMMC_GetCmdResp1
                0x000000000800b0f0      0x1dc ./Drivers/STM32F4xx_HAL_Driver/Src/stm32f4xx_ll_sdmmc.o
 .text.SDMMC_GetCmdResp2
                0x000000000800b2cc       0x90 ./Drivers/STM32F4xx_HAL_Driver/Src/stm32f4xx_ll_sdmmc.o
 .text.SDMMC_GetCmdResp3
                0x000000000800b35c       0x7c ./Drivers/STM32F4xx_HAL_Driver/Src/stm32f4xx_ll_sdmmc.o
 .text.SDMMC_GetCmdResp6
                0x000000000800b3d8       0xec ./Drivers/STM32F4xx_HAL_Driver/Src/stm32f4xx_ll_sdmmc.o
 .text.SDMMC_GetCmdResp7
                0x000000000800b4c4       0x9c ./Drivers/STM32F4xx_HAL_Driver/Src/stm32f4xx_ll_sdmmc.o
 .text.MX_FATFS_Init
                0x000000000800b560       0x24 ./FATFS/App/fatfs.o
                0x000000000800b560                MX_FATFS_Init
 .text.BSP_SD_Init
                0x000000000800b584       0x4c ./FATFS/Target/bsp_driver_sd.o
                0x000000000800b584                BSP_SD_Init
 .text.BSP_SD_ReadBlocks_DMA
                0x000000000800b5d0       0x34 ./FATFS/Target/bsp_driver_sd.o
                0x000000000800b5d0                BSP_SD_ReadBlocks_DMA
 .text.BSP_SD_WriteBlocks_DMA
                0x000000000800b604       0x34 ./FATFS/Target/bsp_driver_sd.o
                0x000000000800b604                BSP_SD_WriteBlocks_DMA
 .text.BSP_SD_GetCardState
                0x000000000800b638       0x20 ./FATFS/Target/bsp_driver_sd.o
                0x000000000800b638                BSP_SD_GetCardState
 .text.BSP_SD_GetCardInfo
                0x000000000800b658       0x1c ./FATFS/Target/bsp_driver_sd.o
                0x000000000800b658                BSP_SD_GetCardInfo
 .text.HAL_SD_AbortCallback
                0x000000000800b674       0x14 ./FATFS/Target/bsp_driver_sd.o
                0x000000000800b674                HAL_SD_AbortCallback
 .text.HAL_SD_TxCpltCallback
                0x000000000800b688       0x14 ./FATFS/Target/bsp_driver_sd.o
                0x000000000800b688                HAL_SD_TxCpltCallback
 .text.HAL_SD_RxCpltCallback
                0x000000000800b69c       0x14 ./FATFS/Target/bsp_driver_sd.o
                0x000000000800b69c                HAL_SD_RxCpltCallback
 .text.BSP_SD_AbortCallback
                0x000000000800b6b0        0xe ./FATFS/Target/bsp_driver_sd.o
                0x000000000800b6b0                BSP_SD_AbortCallback
 .text.BSP_SD_IsDetected
                0x000000000800b6be       0x1a ./FATFS/Target/bsp_driver_sd.o
                0x000000000800b6be                BSP_SD_IsDetected
 .text.SD_CheckStatusWithTimeout
                0x000000000800b6d8       0x3a ./FATFS/Target/sd_diskio.o
 *fill*         0x000000000800b712        0x2 
 .text.SD_CheckStatus
                0x000000000800b714       0x3c ./FATFS/Target/sd_diskio.o
 .text.SD_initialize
                0x000000000800b750       0x38 ./FATFS/Target/sd_diskio.o
                0x000000000800b750                SD_initialize
 .text.SD_status
                0x000000000800b788       0x1c ./FATFS/Target/sd_diskio.o
                0x000000000800b788                SD_status
 .text.SD_read  0x000000000800b7a4       0xac ./FATFS/Target/sd_diskio.o
                0x000000000800b7a4                SD_read
 .text.SD_write
                0x000000000800b850       0xac ./FATFS/Target/sd_diskio.o
                0x000000000800b850                SD_write
 .text.SD_ioctl
                0x000000000800b8fc       0xb0 ./FATFS/Target/sd_diskio.o
                0x000000000800b8fc                SD_ioctl
 .text.BSP_SD_WriteCpltCallback
                0x000000000800b9ac       0x18 ./FATFS/Target/sd_diskio.o
                0x000000000800b9ac                BSP_SD_WriteCpltCallback
 .text.BSP_SD_ReadCpltCallback
                0x000000000800b9c4       0x18 ./FATFS/Target/sd_diskio.o
                0x000000000800b9c4                BSP_SD_ReadCpltCallback
 .text.FATFS_LinkDriverEx
                0x000000000800b9dc       0x98 ./Middlewares/Third_Party/FatFs/src/ff_gen_drv.o
                0x000000000800b9dc                FATFS_LinkDriverEx
 .text.FATFS_LinkDriver
                0x000000000800ba74       0x1e ./Middlewares/Third_Party/FatFs/src/ff_gen_drv.o
                0x000000000800ba74                FATFS_LinkDriver
 .text.atan2    0x000000000800ba92        0x4 c:/st/stm32cubeide_1.7.0/stm32cubeide/plugins/com.st.stm32cube.ide.mcu.externaltools.gnu-tools-for-stm32.9-2020-q2-update.win32_2.0.0.202105311346/tools/bin/../lib/gcc/arm-none-eabi/9.3.1/../../../../arm-none-eabi/lib/thumb/v7e-m+fp/hard\libm.a(lib_a-w_atan2.o)
                0x000000000800ba92                atan2
 *fill*         0x000000000800ba96        0x2 
 .text.asinf    0x000000000800ba98       0x64 c:/st/stm32cubeide_1.7.0/stm32cubeide/plugins/com.st.stm32cube.ide.mcu.externaltools.gnu-tools-for-stm32.9-2020-q2-update.win32_2.0.0.202105311346/tools/bin/../lib/gcc/arm-none-eabi/9.3.1/../../../../arm-none-eabi/lib/thumb/v7e-m+fp/hard\libm.a(lib_a-wf_asin.o)
                0x000000000800ba98                asinf
 .text.atan2f   0x000000000800bafc        0x4 c:/st/stm32cubeide_1.7.0/stm32cubeide/plugins/com.st.stm32cube.ide.mcu.externaltools.gnu-tools-for-stm32.9-2020-q2-update.win32_2.0.0.202105311346/tools/bin/../lib/gcc/arm-none-eabi/9.3.1/../../../../arm-none-eabi/lib/thumb/v7e-m+fp/hard\libm.a(lib_a-wf_atan2.o)
                0x000000000800bafc                atan2f
 .text.__ieee754_atan2
                0x000000000800bb00      0x194 c:/st/stm32cubeide_1.7.0/stm32cubeide/plugins/com.st.stm32cube.ide.mcu.externaltools.gnu-tools-for-stm32.9-2020-q2-update.win32_2.0.0.202105311346/tools/bin/../lib/gcc/arm-none-eabi/9.3.1/../../../../arm-none-eabi/lib/thumb/v7e-m+fp/hard\libm.a(lib_a-e_atan2.o)
                0x000000000800bb00                __ieee754_atan2
 .text.__ieee754_asinf
                0x000000000800bc94      0x1cc c:/st/stm32cubeide_1.7.0/stm32cubeide/plugins/com.st.stm32cube.ide.mcu.externaltools.gnu-tools-for-stm32.9-2020-q2-update.win32_2.0.0.202105311346/tools/bin/../lib/gcc/arm-none-eabi/9.3.1/../../../../arm-none-eabi/lib/thumb/v7e-m+fp/hard\libm.a(lib_a-ef_asin.o)
                0x000000000800bc94                __ieee754_asinf
 .text.__ieee754_atan2f
                0x000000000800be60      0x140 c:/st/stm32cubeide_1.7.0/stm32cubeide/plugins/com.st.stm32cube.ide.mcu.externaltools.gnu-tools-for-stm32.9-2020-q2-update.win32_2.0.0.202105311346/tools/bin/../lib/gcc/arm-none-eabi/9.3.1/../../../../arm-none-eabi/lib/thumb/v7e-m+fp/hard\libm.a(lib_a-ef_atan2.o)
                0x000000000800be60                __ieee754_atan2f
 .text.__ieee754_sqrtf
                0x000000000800bfa0        0x6 c:/st/stm32cubeide_1.7.0/stm32cubeide/plugins/com.st.stm32cube.ide.mcu.externaltools.gnu-tools-for-stm32.9-2020-q2-update.win32_2.0.0.202105311346/tools/bin/../lib/gcc/arm-none-eabi/9.3.1/../../../../arm-none-eabi/lib/thumb/v7e-m+fp/hard\libm.a(lib_a-ef_sqrt.o)
                0x000000000800bfa0                __ieee754_sqrtf
 *fill*         0x000000000800bfa6        0x2 
 .text.atan     0x000000000800bfa8      0x340 c:/st/stm32cubeide_1.7.0/stm32cubeide/plugins/com.st.stm32cube.ide.mcu.externaltools.gnu-tools-for-stm32.9-2020-q2-update.win32_2.0.0.202105311346/tools/bin/../lib/gcc/arm-none-eabi/9.3.1/../../../../arm-none-eabi/lib/thumb/v7e-m+fp/hard\libm.a(lib_a-s_atan.o)
                0x000000000800bfa8                atan
 .text.fabs     0x000000000800c2e8       0x12 c:/st/stm32cubeide_1.7.0/stm32cubeide/plugins/com.st.stm32cube.ide.mcu.externaltools.gnu-tools-for-stm32.9-2020-q2-update.win32_2.0.0.202105311346/tools/bin/../lib/gcc/arm-none-eabi/9.3.1/../../../../arm-none-eabi/lib/thumb/v7e-m+fp/hard\libm.a(lib_a-s_fabs.o)
                0x000000000800c2e8                fabs
 *fill*         0x000000000800c2fa        0x2 
 .text.atanf    0x000000000800c2fc      0x1a8 c:/st/stm32cubeide_1.7.0/stm32cubeide/plugins/com.st.stm32cube.ide.mcu.externaltools.gnu-tools-for-stm32.9-2020-q2-update.win32_2.0.0.202105311346/tools/bin/../lib/gcc/arm-none-eabi/9.3.1/../../../../arm-none-eabi/lib/thumb/v7e-m+fp/hard\libm.a(lib_a-sf_atan.o)
                0x000000000800c2fc                atanf
 .text.fabsf    0x000000000800c4a4        0xe c:/st/stm32cubeide_1.7.0/stm32cubeide/plugins/com.st.stm32cube.ide.mcu.externaltools.gnu-tools-for-stm32.9-2020-q2-update.win32_2.0.0.202105311346/tools/bin/../lib/gcc/arm-none-eabi/9.3.1/../../../../arm-none-eabi/lib/thumb/v7e-m+fp/hard\libm.a(lib_a-sf_fabs.o)
                0x000000000800c4a4                fabsf
 *fill*         0x000000000800c4b2        0x2 
 .text.nanf     0x000000000800c4b4        0xc c:/st/stm32cubeide_1.7.0/stm32cubeide/plugins/com.st.stm32cube.ide.mcu.externaltools.gnu-tools-for-stm32.9-2020-q2-update.win32_2.0.0.202105311346/tools/bin/../lib/gcc/arm-none-eabi/9.3.1/../../../../arm-none-eabi/lib/thumb/v7e-m+fp/hard\libm.a(lib_a-sf_nan.o)
                0x000000000800c4b4                nanf
 .text.__errno  0x000000000800c4c0        0xc c:/st/stm32cubeide_1.7.0/stm32cubeide/plugins/com.st.stm32cube.ide.mcu.externaltools.gnu-tools-for-stm32.9-2020-q2-update.win32_2.0.0.202105311346/tools/bin/../lib/gcc/arm-none-eabi/9.3.1/../../../../arm-none-eabi/lib/thumb/v7e-m+fp/hard\libc_nano.a(lib_a-errno.o)
                0x000000000800c4c0                __errno
 .text.__libc_init_array
                0x000000000800c4cc       0x48 c:/st/stm32cubeide_1.7.0/stm32cubeide/plugins/com.st.stm32cube.ide.mcu.externaltools.gnu-tools-for-stm32.9-2020-q2-update.win32_2.0.0.202105311346/tools/bin/../lib/gcc/arm-none-eabi/9.3.1/../../../../arm-none-eabi/lib/thumb/v7e-m+fp/hard\libc_nano.a(lib_a-init.o)
                0x000000000800c4cc                __libc_init_array
 .text.memcmp   0x000000000800c514       0x1c c:/st/stm32cubeide_1.7.0/stm32cubeide/plugins/com.st.stm32cube.ide.mcu.externaltools.gnu-tools-for-stm32.9-2020-q2-update.win32_2.0.0.202105311346/tools/bin/../lib/gcc/arm-none-eabi/9.3.1/../../../../arm-none-eabi/lib/thumb/v7e-m+fp/hard\libc_nano.a(lib_a-memcmp.o)
                0x000000000800c514                memcmp
 .text.memset   0x000000000800c530       0x10 c:/st/stm32cubeide_1.7.0/stm32cubeide/plugins/com.st.stm32cube.ide.mcu.externaltools.gnu-tools-for-stm32.9-2020-q2-update.win32_2.0.0.202105311346/tools/bin/../lib/gcc/arm-none-eabi/9.3.1/../../../../arm-none-eabi/lib/thumb/v7e-m+fp/hard\libc_nano.a(lib_a-memset.o)
                0x000000000800c530                memset
 .text.__cvt    0x000000000800c540       0xc4 c:/st/stm32cubeide_1.7.0/stm32cubeide/plugins/com.st.stm32cube.ide.mcu.externaltools.gnu-tools-for-stm32.9-2020-q2-update.win32_2.0.0.202105311346/tools/bin/../lib/gcc/arm-none-eabi/9.3.1/../../../../arm-none-eabi/lib/thumb/v7e-m+fp/hard\libc_nano.a(lib_a-nano-vfprintf_float.o)
                0x000000000800c540                __cvt
 .text.__exponent
                0x000000000800c604       0x7c c:/st/stm32cubeide_1.7.0/stm32cubeide/plugins/com.st.stm32cube.ide.mcu.externaltools.gnu-tools-for-stm32.9-2020-q2-update.win32_2.0.0.202105311346/tools/bin/../lib/gcc/arm-none-eabi/9.3.1/../../../../arm-none-eabi/lib/thumb/v7e-m+fp/hard\libc_nano.a(lib_a-nano-vfprintf_float.o)
                0x000000000800c604                __exponent
 .text._printf_float
                0x000000000800c680      0x46c c:/st/stm32cubeide_1.7.0/stm32cubeide/plugins/com.st.stm32cube.ide.mcu.externaltools.gnu-tools-for-stm32.9-2020-q2-update.win32_2.0.0.202105311346/tools/bin/../lib/gcc/arm-none-eabi/9.3.1/../../../../arm-none-eabi/lib/thumb/v7e-m+fp/hard\libc_nano.a(lib_a-nano-vfprintf_float.o)
                0x000000000800c680                _printf_float
 .text._printf_common
                0x000000000800caec       0xda c:/st/stm32cubeide_1.7.0/stm32cubeide/plugins/com.st.stm32cube.ide.mcu.externaltools.gnu-tools-for-stm32.9-2020-q2-update.win32_2.0.0.202105311346/tools/bin/../lib/gcc/arm-none-eabi/9.3.1/../../../../arm-none-eabi/lib/thumb/v7e-m+fp/hard\libc_nano.a(lib_a-nano-vfprintf_i.o)
                0x000000000800caec                _printf_common
 *fill*         0x000000000800cbc6        0x2 
 .text._printf_i
                0x000000000800cbc8      0x24c c:/st/stm32cubeide_1.7.0/stm32cubeide/plugins/com.st.stm32cube.ide.mcu.externaltools.gnu-tools-for-stm32.9-2020-q2-update.win32_2.0.0.202105311346/tools/bin/../lib/gcc/arm-none-eabi/9.3.1/../../../../arm-none-eabi/lib/thumb/v7e-m+fp/hard\libc_nano.a(lib_a-nano-vfprintf_i.o)
                0x000000000800cbc8                _printf_i
 .text._scanf_float
                0x000000000800ce14      0x420 c:/st/stm32cubeide_1.7.0/stm32cubeide/plugins/com.st.stm32cube.ide.mcu.externaltools.gnu-tools-for-stm32.9-2020-q2-update.win32_2.0.0.202105311346/tools/bin/../lib/gcc/arm-none-eabi/9.3.1/../../../../arm-none-eabi/lib/thumb/v7e-m+fp/hard\libc_nano.a(lib_a-nano-vfscanf_float.o)
                0x000000000800ce14                _scanf_float
 .text.printf   0x000000000800d234       0x30 c:/st/stm32cubeide_1.7.0/stm32cubeide/plugins/com.st.stm32cube.ide.mcu.externaltools.gnu-tools-for-stm32.9-2020-q2-update.win32_2.0.0.202105311346/tools/bin/../lib/gcc/arm-none-eabi/9.3.1/../../../../arm-none-eabi/lib/thumb/v7e-m+fp/hard\libc_nano.a(lib_a-printf.o)
                0x000000000800d234                iprintf
                0x000000000800d234                printf
 .text.sprintf  0x000000000800d264       0x40 c:/st/stm32cubeide_1.7.0/stm32cubeide/plugins/com.st.stm32cube.ide.mcu.externaltools.gnu-tools-for-stm32.9-2020-q2-update.win32_2.0.0.202105311346/tools/bin/../lib/gcc/arm-none-eabi/9.3.1/../../../../arm-none-eabi/lib/thumb/v7e-m+fp/hard\libc_nano.a(lib_a-sprintf.o)
                0x000000000800d264                siprintf
                0x000000000800d264                sprintf
 .text.sulp     0x000000000800d2a4       0x38 c:/st/stm32cubeide_1.7.0/stm32cubeide/plugins/com.st.stm32cube.ide.mcu.externaltools.gnu-tools-for-stm32.9-2020-q2-update.win32_2.0.0.202105311346/tools/bin/../lib/gcc/arm-none-eabi/9.3.1/../../../../arm-none-eabi/lib/thumb/v7e-m+fp/hard\libc_nano.a(lib_a-strtod.o)
 *fill*         0x000000000800d2dc        0x4 
 .text._strtod_l
                0x000000000800d2e0      0xc14 c:/st/stm32cubeide_1.7.0/stm32cubeide/plugins/com.st.stm32cube.ide.mcu.externaltools.gnu-tools-for-stm32.9-2020-q2-update.win32_2.0.0.202105311346/tools/bin/../lib/gcc/arm-none-eabi/9.3.1/../../../../arm-none-eabi/lib/thumb/v7e-m+fp/hard\libc_nano.a(lib_a-strtod.o)
                0x000000000800d2e0                _strtod_l
 .text._strtod_r
                0x000000000800def4        0xc c:/st/stm32cubeide_1.7.0/stm32cubeide/plugins/com.st.stm32cube.ide.mcu.externaltools.gnu-tools-for-stm32.9-2020-q2-update.win32_2.0.0.202105311346/tools/bin/../lib/gcc/arm-none-eabi/9.3.1/../../../../arm-none-eabi/lib/thumb/v7e-m+fp/hard\libc_nano.a(lib_a-strtod.o)
                0x000000000800def4                _strtod_r
 .text._strtol_l.isra.0
                0x000000000800df00      0x108 c:/st/stm32cubeide_1.7.0/stm32cubeide/plugins/com.st.stm32cube.ide.mcu.externaltools.gnu-tools-for-stm32.9-2020-q2-update.win32_2.0.0.202105311346/tools/bin/../lib/gcc/arm-none-eabi/9.3.1/../../../../arm-none-eabi/lib/thumb/v7e-m+fp/hard\libc_nano.a(lib_a-strtol.o)
 .text._strtol_r
                0x000000000800e008        0x4 c:/st/stm32cubeide_1.7.0/stm32cubeide/plugins/com.st.stm32cube.ide.mcu.externaltools.gnu-tools-for-stm32.9-2020-q2-update.win32_2.0.0.202105311346/tools/bin/../lib/gcc/arm-none-eabi/9.3.1/../../../../arm-none-eabi/lib/thumb/v7e-m+fp/hard\libc_nano.a(lib_a-strtol.o)
                0x000000000800e008                _strtol_r
 .text.quorem   0x000000000800e00c      0x116 c:/st/stm32cubeide_1.7.0/stm32cubeide/plugins/com.st.stm32cube.ide.mcu.externaltools.gnu-tools-for-stm32.9-2020-q2-update.win32_2.0.0.202105311346/tools/bin/../lib/gcc/arm-none-eabi/9.3.1/../../../../arm-none-eabi/lib/thumb/v7e-m+fp/hard\libc_nano.a(lib_a-dtoa.o)
 *fill*         0x000000000800e122        0x6 
 .text._dtoa_r  0x000000000800e128      0xbd8 c:/st/stm32cubeide_1.7.0/stm32cubeide/plugins/com.st.stm32cube.ide.mcu.externaltools.gnu-tools-for-stm32.9-2020-q2-update.win32_2.0.0.202105311346/tools/bin/../lib/gcc/arm-none-eabi/9.3.1/../../../../arm-none-eabi/lib/thumb/v7e-m+fp/hard\libc_nano.a(lib_a-dtoa.o)
                0x000000000800e128                _dtoa_r
 .text.std      0x000000000800ed00       0x48 c:/st/stm32cubeide_1.7.0/stm32cubeide/plugins/com.st.stm32cube.ide.mcu.externaltools.gnu-tools-for-stm32.9-2020-q2-update.win32_2.0.0.202105311346/tools/bin/../lib/gcc/arm-none-eabi/9.3.1/../../../../arm-none-eabi/lib/thumb/v7e-m+fp/hard\libc_nano.a(lib_a-findfp.o)
 .text._cleanup_r
                0x000000000800ed48        0xc c:/st/stm32cubeide_1.7.0/stm32cubeide/plugins/com.st.stm32cube.ide.mcu.externaltools.gnu-tools-for-stm32.9-2020-q2-update.win32_2.0.0.202105311346/tools/bin/../lib/gcc/arm-none-eabi/9.3.1/../../../../arm-none-eabi/lib/thumb/v7e-m+fp/hard\libc_nano.a(lib_a-findfp.o)
                0x000000000800ed48                _cleanup_r
 .text.__sfmoreglue
                0x000000000800ed54       0x2c c:/st/stm32cubeide_1.7.0/stm32cubeide/plugins/com.st.stm32cube.ide.mcu.externaltools.gnu-tools-for-stm32.9-2020-q2-update.win32_2.0.0.202105311346/tools/bin/../lib/gcc/arm-none-eabi/9.3.1/../../../../arm-none-eabi/lib/thumb/v7e-m+fp/hard\libc_nano.a(lib_a-findfp.o)
                0x000000000800ed54                __sfmoreglue
 .text.__sfp_lock_acquire
                0x000000000800ed80        0xc c:/st/stm32cubeide_1.7.0/stm32cubeide/plugins/com.st.stm32cube.ide.mcu.externaltools.gnu-tools-for-stm32.9-2020-q2-update.win32_2.0.0.202105311346/tools/bin/../lib/gcc/arm-none-eabi/9.3.1/../../../../arm-none-eabi/lib/thumb/v7e-m+fp/hard\libc_nano.a(lib_a-findfp.o)
                0x000000000800ed80                __sfp_lock_acquire
 .text.__sfp_lock_release
                0x000000000800ed8c        0xc c:/st/stm32cubeide_1.7.0/stm32cubeide/plugins/com.st.stm32cube.ide.mcu.externaltools.gnu-tools-for-stm32.9-2020-q2-update.win32_2.0.0.202105311346/tools/bin/../lib/gcc/arm-none-eabi/9.3.1/../../../../arm-none-eabi/lib/thumb/v7e-m+fp/hard\libc_nano.a(lib_a-findfp.o)
                0x000000000800ed8c                __sfp_lock_release
 .text.__sinit_lock_acquire
                0x000000000800ed98        0xc c:/st/stm32cubeide_1.7.0/stm32cubeide/plugins/com.st.stm32cube.ide.mcu.externaltools.gnu-tools-for-stm32.9-2020-q2-update.win32_2.0.0.202105311346/tools/bin/../lib/gcc/arm-none-eabi/9.3.1/../../../../arm-none-eabi/lib/thumb/v7e-m+fp/hard\libc_nano.a(lib_a-findfp.o)
                0x000000000800ed98                __sinit_lock_acquire
 .text.__sinit_lock_release
                0x000000000800eda4        0xc c:/st/stm32cubeide_1.7.0/stm32cubeide/plugins/com.st.stm32cube.ide.mcu.externaltools.gnu-tools-for-stm32.9-2020-q2-update.win32_2.0.0.202105311346/tools/bin/../lib/gcc/arm-none-eabi/9.3.1/../../../../arm-none-eabi/lib/thumb/v7e-m+fp/hard\libc_nano.a(lib_a-findfp.o)
                0x000000000800eda4                __sinit_lock_release
 .text.__sinit  0x000000000800edb0       0x70 c:/st/stm32cubeide_1.7.0/stm32cubeide/plugins/com.st.stm32cube.ide.mcu.externaltools.gnu-tools-for-stm32.9-2020-q2-update.win32_2.0.0.202105311346/tools/bin/../lib/gcc/arm-none-eabi/9.3.1/../../../../arm-none-eabi/lib/thumb/v7e-m+fp/hard\libc_nano.a(lib_a-findfp.o)
                0x000000000800edb0                __sinit
 .text.__sfp    0x000000000800ee20       0x8c c:/st/stm32cubeide_1.7.0/stm32cubeide/plugins/com.st.stm32cube.ide.mcu.externaltools.gnu-tools-for-stm32.9-2020-q2-update.win32_2.0.0.202105311346/tools/bin/../lib/gcc/arm-none-eabi/9.3.1/../../../../arm-none-eabi/lib/thumb/v7e-m+fp/hard\libc_nano.a(lib_a-findfp.o)
                0x000000000800ee20                __sfp
 .text._fwalk_reent
                0x000000000800eeac       0x3e c:/st/stm32cubeide_1.7.0/stm32cubeide/plugins/com.st.stm32cube.ide.mcu.externaltools.gnu-tools-for-stm32.9-2020-q2-update.win32_2.0.0.202105311346/tools/bin/../lib/gcc/arm-none-eabi/9.3.1/../../../../arm-none-eabi/lib/thumb/v7e-m+fp/hard\libc_nano.a(lib_a-fwalk.o)
                0x000000000800eeac                _fwalk_reent
 .text.rshift   0x000000000800eeea       0xa4 c:/st/stm32cubeide_1.7.0/stm32cubeide/plugins/com.st.stm32cube.ide.mcu.externaltools.gnu-tools-for-stm32.9-2020-q2-update.win32_2.0.0.202105311346/tools/bin/../lib/gcc/arm-none-eabi/9.3.1/../../../../arm-none-eabi/lib/thumb/v7e-m+fp/hard\libc_nano.a(lib_a-gdtoa-gethex.o)
 .text.__hexdig_fun
                0x000000000800ef8e       0x2a c:/st/stm32cubeide_1.7.0/stm32cubeide/plugins/com.st.stm32cube.ide.mcu.externaltools.gnu-tools-for-stm32.9-2020-q2-update.win32_2.0.0.202105311346/tools/bin/../lib/gcc/arm-none-eabi/9.3.1/../../../../arm-none-eabi/lib/thumb/v7e-m+fp/hard\libc_nano.a(lib_a-gdtoa-gethex.o)
                0x000000000800ef8e                __hexdig_fun
 .text.__gethex
                0x000000000800efb8      0x48c c:/st/stm32cubeide_1.7.0/stm32cubeide/plugins/com.st.stm32cube.ide.mcu.externaltools.gnu-tools-for-stm32.9-2020-q2-update.win32_2.0.0.202105311346/tools/bin/../lib/gcc/arm-none-eabi/9.3.1/../../../../arm-none-eabi/lib/thumb/v7e-m+fp/hard\libc_nano.a(lib_a-gdtoa-gethex.o)
                0x000000000800efb8                __gethex
 .text.L_shift  0x000000000800f444       0x24 c:/st/stm32cubeide_1.7.0/stm32cubeide/plugins/com.st.stm32cube.ide.mcu.externaltools.gnu-tools-for-stm32.9-2020-q2-update.win32_2.0.0.202105311346/tools/bin/../lib/gcc/arm-none-eabi/9.3.1/../../../../arm-none-eabi/lib/thumb/v7e-m+fp/hard\libc_nano.a(lib_a-gdtoa-hexnan.o)
 .text.__match  0x000000000800f468       0x28 c:/st/stm32cubeide_1.7.0/stm32cubeide/plugins/com.st.stm32cube.ide.mcu.externaltools.gnu-tools-for-stm32.9-2020-q2-update.win32_2.0.0.202105311346/tools/bin/../lib/gcc/arm-none-eabi/9.3.1/../../../../arm-none-eabi/lib/thumb/v7e-m+fp/hard\libc_nano.a(lib_a-gdtoa-hexnan.o)
                0x000000000800f468                __match
 .text.__hexnan
                0x000000000800f490      0x138 c:/st/stm32cubeide_1.7.0/stm32cubeide/plugins/com.st.stm32cube.ide.mcu.externaltools.gnu-tools-for-stm32.9-2020-q2-update.win32_2.0.0.202105311346/tools/bin/../lib/gcc/arm-none-eabi/9.3.1/../../../../arm-none-eabi/lib/thumb/v7e-m+fp/hard\libc_nano.a(lib_a-gdtoa-hexnan.o)
                0x000000000800f490                __hexnan
 .text._localeconv_r
                0x000000000800f5c8        0x8 c:/st/stm32cubeide_1.7.0/stm32cubeide/plugins/com.st.stm32cube.ide.mcu.externaltools.gnu-tools-for-stm32.9-2020-q2-update.win32_2.0.0.202105311346/tools/bin/../lib/gcc/arm-none-eabi/9.3.1/../../../../arm-none-eabi/lib/thumb/v7e-m+fp/hard\libc_nano.a(lib_a-localeconv.o)
                0x000000000800f5c8                _localeconv_r
 .text.__retarget_lock_init_recursive
                0x000000000800f5d0        0x2 c:/st/stm32cubeide_1.7.0/stm32cubeide/plugins/com.st.stm32cube.ide.mcu.externaltools.gnu-tools-for-stm32.9-2020-q2-update.win32_2.0.0.202105311346/tools/bin/../lib/gcc/arm-none-eabi/9.3.1/../../../../arm-none-eabi/lib/thumb/v7e-m+fp/hard\libc_nano.a(lib_a-lock.o)
                0x000000000800f5d0                __retarget_lock_init_recursive
 .text.__retarget_lock_acquire_recursive
                0x000000000800f5d2        0x2 c:/st/stm32cubeide_1.7.0/stm32cubeide/plugins/com.st.stm32cube.ide.mcu.externaltools.gnu-tools-for-stm32.9-2020-q2-update.win32_2.0.0.202105311346/tools/bin/../lib/gcc/arm-none-eabi/9.3.1/../../../../arm-none-eabi/lib/thumb/v7e-m+fp/hard\libc_nano.a(lib_a-lock.o)
                0x000000000800f5d2                __retarget_lock_acquire_recursive
 .text.__retarget_lock_release_recursive
                0x000000000800f5d4        0x2 c:/st/stm32cubeide_1.7.0/stm32cubeide/plugins/com.st.stm32cube.ide.mcu.externaltools.gnu-tools-for-stm32.9-2020-q2-update.win32_2.0.0.202105311346/tools/bin/../lib/gcc/arm-none-eabi/9.3.1/../../../../arm-none-eabi/lib/thumb/v7e-m+fp/hard\libc_nano.a(lib_a-lock.o)
                0x000000000800f5d4                __retarget_lock_release_recursive
 *fill*         0x000000000800f5d6        0x2 
 .text.malloc   0x000000000800f5d8       0x10 c:/st/stm32cubeide_1.7.0/stm32cubeide/plugins/com.st.stm32cube.ide.mcu.externaltools.gnu-tools-for-stm32.9-2020-q2-update.win32_2.0.0.202105311346/tools/bin/../lib/gcc/arm-none-eabi/9.3.1/../../../../arm-none-eabi/lib/thumb/v7e-m+fp/hard\libc_nano.a(lib_a-malloc.o)
                0x000000000800f5d8                malloc
 .text.__ascii_mbtowc
                0x000000000800f5e8       0x24 c:/st/stm32cubeide_1.7.0/stm32cubeide/plugins/com.st.stm32cube.ide.mcu.externaltools.gnu-tools-for-stm32.9-2020-q2-update.win32_2.0.0.202105311346/tools/bin/../lib/gcc/arm-none-eabi/9.3.1/../../../../arm-none-eabi/lib/thumb/v7e-m+fp/hard\libc_nano.a(lib_a-mbtowc_r.o)
                0x000000000800f5e8                __ascii_mbtowc
 .text.memcpy   0x000000000800f60c       0x1c c:/st/stm32cubeide_1.7.0/stm32cubeide/plugins/com.st.stm32cube.ide.mcu.externaltools.gnu-tools-for-stm32.9-2020-q2-update.win32_2.0.0.202105311346/tools/bin/../lib/gcc/arm-none-eabi/9.3.1/../../../../arm-none-eabi/lib/thumb/v7e-m+fp/hard\libc_nano.a(lib_a-memcpy-stub.o)
                0x000000000800f60c                memcpy
 .text._Balloc  0x000000000800f628       0x80 c:/st/stm32cubeide_1.7.0/stm32cubeide/plugins/com.st.stm32cube.ide.mcu.externaltools.gnu-tools-for-stm32.9-2020-q2-update.win32_2.0.0.202105311346/tools/bin/../lib/gcc/arm-none-eabi/9.3.1/../../../../arm-none-eabi/lib/thumb/v7e-m+fp/hard\libc_nano.a(lib_a-mprec.o)
                0x000000000800f628                _Balloc
 .text._Bfree   0x000000000800f6a8       0x44 c:/st/stm32cubeide_1.7.0/stm32cubeide/plugins/com.st.stm32cube.ide.mcu.externaltools.gnu-tools-for-stm32.9-2020-q2-update.win32_2.0.0.202105311346/tools/bin/../lib/gcc/arm-none-eabi/9.3.1/../../../../arm-none-eabi/lib/thumb/v7e-m+fp/hard\libc_nano.a(lib_a-mprec.o)
                0x000000000800f6a8                _Bfree
 .text.__multadd
                0x000000000800f6ec       0x94 c:/st/stm32cubeide_1.7.0/stm32cubeide/plugins/com.st.stm32cube.ide.mcu.externaltools.gnu-tools-for-stm32.9-2020-q2-update.win32_2.0.0.202105311346/tools/bin/../lib/gcc/arm-none-eabi/9.3.1/../../../../arm-none-eabi/lib/thumb/v7e-m+fp/hard\libc_nano.a(lib_a-mprec.o)
                0x000000000800f6ec                __multadd
 .text.__s2b    0x000000000800f780       0x94 c:/st/stm32cubeide_1.7.0/stm32cubeide/plugins/com.st.stm32cube.ide.mcu.externaltools.gnu-tools-for-stm32.9-2020-q2-update.win32_2.0.0.202105311346/tools/bin/../lib/gcc/arm-none-eabi/9.3.1/../../../../arm-none-eabi/lib/thumb/v7e-m+fp/hard\libc_nano.a(lib_a-mprec.o)
                0x000000000800f780                __s2b
 .text.__hi0bits
                0x000000000800f814       0x40 c:/st/stm32cubeide_1.7.0/stm32cubeide/plugins/com.st.stm32cube.ide.mcu.externaltools.gnu-tools-for-stm32.9-2020-q2-update.win32_2.0.0.202105311346/tools/bin/../lib/gcc/arm-none-eabi/9.3.1/../../../../arm-none-eabi/lib/thumb/v7e-m+fp/hard\libc_nano.a(lib_a-mprec.o)
                0x000000000800f814                __hi0bits
 .text.__lo0bits
                0x000000000800f854       0x60 c:/st/stm32cubeide_1.7.0/stm32cubeide/plugins/com.st.stm32cube.ide.mcu.externaltools.gnu-tools-for-stm32.9-2020-q2-update.win32_2.0.0.202105311346/tools/bin/../lib/gcc/arm-none-eabi/9.3.1/../../../../arm-none-eabi/lib/thumb/v7e-m+fp/hard\libc_nano.a(lib_a-mprec.o)
                0x000000000800f854                __lo0bits
 .text.__i2b    0x000000000800f8b4       0x2c c:/st/stm32cubeide_1.7.0/stm32cubeide/plugins/com.st.stm32cube.ide.mcu.externaltools.gnu-tools-for-stm32.9-2020-q2-update.win32_2.0.0.202105311346/tools/bin/../lib/gcc/arm-none-eabi/9.3.1/../../../../arm-none-eabi/lib/thumb/v7e-m+fp/hard\libc_nano.a(lib_a-mprec.o)
                0x000000000800f8b4                __i2b
 .text.__multiply
                0x000000000800f8e0      0x14c c:/st/stm32cubeide_1.7.0/stm32cubeide/plugins/com.st.stm32cube.ide.mcu.externaltools.gnu-tools-for-stm32.9-2020-q2-update.win32_2.0.0.202105311346/tools/bin/../lib/gcc/arm-none-eabi/9.3.1/../../../../arm-none-eabi/lib/thumb/v7e-m+fp/hard\libc_nano.a(lib_a-mprec.o)
                0x000000000800f8e0                __multiply
 .text.__pow5mult
                0x000000000800fa2c       0xb4 c:/st/stm32cubeide_1.7.0/stm32cubeide/plugins/com.st.stm32cube.ide.mcu.externaltools.gnu-tools-for-stm32.9-2020-q2-update.win32_2.0.0.202105311346/tools/bin/../lib/gcc/arm-none-eabi/9.3.1/../../../../arm-none-eabi/lib/thumb/v7e-m+fp/hard\libc_nano.a(lib_a-mprec.o)
                0x000000000800fa2c                __pow5mult
 .text.__lshift
                0x000000000800fae0       0xd8 c:/st/stm32cubeide_1.7.0/stm32cubeide/plugins/com.st.stm32cube.ide.mcu.externaltools.gnu-tools-for-stm32.9-2020-q2-update.win32_2.0.0.202105311346/tools/bin/../lib/gcc/arm-none-eabi/9.3.1/../../../../arm-none-eabi/lib/thumb/v7e-m+fp/hard\libc_nano.a(lib_a-mprec.o)
                0x000000000800fae0                __lshift
 .text.__mcmp   0x000000000800fbb8       0x38 c:/st/stm32cubeide_1.7.0/stm32cubeide/plugins/com.st.stm32cube.ide.mcu.externaltools.gnu-tools-for-stm32.9-2020-q2-update.win32_2.0.0.202105311346/tools/bin/../lib/gcc/arm-none-eabi/9.3.1/../../../../arm-none-eabi/lib/thumb/v7e-m+fp/hard\libc_nano.a(lib_a-mprec.o)
                0x000000000800fbb8                __mcmp
 .text.__mdiff  0x000000000800fbf0      0x110 c:/st/stm32cubeide_1.7.0/stm32cubeide/plugins/com.st.stm32cube.ide.mcu.externaltools.gnu-tools-for-stm32.9-2020-q2-update.win32_2.0.0.202105311346/tools/bin/../lib/gcc/arm-none-eabi/9.3.1/../../../../arm-none-eabi/lib/thumb/v7e-m+fp/hard\libc_nano.a(lib_a-mprec.o)
                0x000000000800fbf0                __mdiff
 .text.__ulp    0x000000000800fd00       0x58 c:/st/stm32cubeide_1.7.0/stm32cubeide/plugins/com.st.stm32cube.ide.mcu.externaltools.gnu-tools-for-stm32.9-2020-q2-update.win32_2.0.0.202105311346/tools/bin/../lib/gcc/arm-none-eabi/9.3.1/../../../../arm-none-eabi/lib/thumb/v7e-m+fp/hard\libc_nano.a(lib_a-mprec.o)
                0x000000000800fd00                __ulp
 .text.__b2d    0x000000000800fd58       0xa0 c:/st/stm32cubeide_1.7.0/stm32cubeide/plugins/com.st.stm32cube.ide.mcu.externaltools.gnu-tools-for-stm32.9-2020-q2-update.win32_2.0.0.202105311346/tools/bin/../lib/gcc/arm-none-eabi/9.3.1/../../../../arm-none-eabi/lib/thumb/v7e-m+fp/hard\libc_nano.a(lib_a-mprec.o)
                0x000000000800fd58                __b2d
 .text.__d2b    0x000000000800fdf8       0xb8 c:/st/stm32cubeide_1.7.0/stm32cubeide/plugins/com.st.stm32cube.ide.mcu.externaltools.gnu-tools-for-stm32.9-2020-q2-update.win32_2.0.0.202105311346/tools/bin/../lib/gcc/arm-none-eabi/9.3.1/../../../../arm-none-eabi/lib/thumb/v7e-m+fp/hard\libc_nano.a(lib_a-mprec.o)
                0x000000000800fdf8                __d2b
 .text.__ratio  0x000000000800feb0       0x66 c:/st/stm32cubeide_1.7.0/stm32cubeide/plugins/com.st.stm32cube.ide.mcu.externaltools.gnu-tools-for-stm32.9-2020-q2-update.win32_2.0.0.202105311346/tools/bin/../lib/gcc/arm-none-eabi/9.3.1/../../../../arm-none-eabi/lib/thumb/v7e-m+fp/hard\libc_nano.a(lib_a-mprec.o)
                0x000000000800feb0                __ratio
 .text.__copybits
                0x000000000800ff16       0x46 c:/st/stm32cubeide_1.7.0/stm32cubeide/plugins/com.st.stm32cube.ide.mcu.externaltools.gnu-tools-for-stm32.9-2020-q2-update.win32_2.0.0.202105311346/tools/bin/../lib/gcc/arm-none-eabi/9.3.1/../../../../arm-none-eabi/lib/thumb/v7e-m+fp/hard\libc_nano.a(lib_a-mprec.o)
                0x000000000800ff16                __copybits
 .text.__any_on
                0x000000000800ff5c       0x42 c:/st/stm32cubeide_1.7.0/stm32cubeide/plugins/com.st.stm32cube.ide.mcu.externaltools.gnu-tools-for-stm32.9-2020-q2-update.win32_2.0.0.202105311346/tools/bin/../lib/gcc/arm-none-eabi/9.3.1/../../../../arm-none-eabi/lib/thumb/v7e-m+fp/hard\libc_nano.a(lib_a-mprec.o)
                0x000000000800ff5c                __any_on
 .text._calloc_r
                0x000000000800ff9e       0x1e c:/st/stm32cubeide_1.7.0/stm32cubeide/plugins/com.st.stm32cube.ide.mcu.externaltools.gnu-tools-for-stm32.9-2020-q2-update.win32_2.0.0.202105311346/tools/bin/../lib/gcc/arm-none-eabi/9.3.1/../../../../arm-none-eabi/lib/thumb/v7e-m+fp/hard\libc_nano.a(lib_a-nano-callocr.o)
                0x000000000800ff9e                _calloc_r
 .text._free_r  0x000000000800ffbc       0xa0 c:/st/stm32cubeide_1.7.0/stm32cubeide/plugins/com.st.stm32cube.ide.mcu.externaltools.gnu-tools-for-stm32.9-2020-q2-update.win32_2.0.0.202105311346/tools/bin/../lib/gcc/arm-none-eabi/9.3.1/../../../../arm-none-eabi/lib/thumb/v7e-m+fp/hard\libc_nano.a(lib_a-nano-freer.o)
                0x000000000800ffbc                _free_r
 .text._malloc_r
                0x000000000801005c       0xb4 c:/st/stm32cubeide_1.7.0/stm32cubeide/plugins/com.st.stm32cube.ide.mcu.externaltools.gnu-tools-for-stm32.9-2020-q2-update.win32_2.0.0.202105311346/tools/bin/../lib/gcc/arm-none-eabi/9.3.1/../../../../arm-none-eabi/lib/thumb/v7e-m+fp/hard\libc_nano.a(lib_a-nano-mallocr.o)
                0x000000000801005c                _malloc_r
 .text.__ssputs_r
                0x0000000008010110       0xb6 c:/st/stm32cubeide_1.7.0/stm32cubeide/plugins/com.st.stm32cube.ide.mcu.externaltools.gnu-tools-for-stm32.9-2020-q2-update.win32_2.0.0.202105311346/tools/bin/../lib/gcc/arm-none-eabi/9.3.1/../../../../arm-none-eabi/lib/thumb/v7e-m+fp/hard\libc_nano.a(lib_a-nano-svfprintf.o)
                0x0000000008010110                __ssputs_r
 *fill*         0x00000000080101c6        0x2 
 .text._svfprintf_r
                0x00000000080101c8      0x200 c:/st/stm32cubeide_1.7.0/stm32cubeide/plugins/com.st.stm32cube.ide.mcu.externaltools.gnu-tools-for-stm32.9-2020-q2-update.win32_2.0.0.202105311346/tools/bin/../lib/gcc/arm-none-eabi/9.3.1/../../../../arm-none-eabi/lib/thumb/v7e-m+fp/hard\libc_nano.a(lib_a-nano-svfprintf.o)
                0x00000000080101c8                _svfiprintf_r
                0x00000000080101c8                _svfprintf_r
 .text.__sfputc_r
                0x00000000080103c8       0x2e c:/st/stm32cubeide_1.7.0/stm32cubeide/plugins/com.st.stm32cube.ide.mcu.externaltools.gnu-tools-for-stm32.9-2020-q2-update.win32_2.0.0.202105311346/tools/bin/../lib/gcc/arm-none-eabi/9.3.1/../../../../arm-none-eabi/lib/thumb/v7e-m+fp/hard\libc_nano.a(lib_a-nano-vfprintf.o)
 .text.__sfputs_r
                0x00000000080103f6       0x24 c:/st/stm32cubeide_1.7.0/stm32cubeide/plugins/com.st.stm32cube.ide.mcu.externaltools.gnu-tools-for-stm32.9-2020-q2-update.win32_2.0.0.202105311346/tools/bin/../lib/gcc/arm-none-eabi/9.3.1/../../../../arm-none-eabi/lib/thumb/v7e-m+fp/hard\libc_nano.a(lib_a-nano-vfprintf.o)
                0x00000000080103f6                __sfputs_r
 *fill*         0x000000000801041a        0x2 
 .text._vfprintf_r
                0x000000000801041c      0x260 c:/st/stm32cubeide_1.7.0/stm32cubeide/plugins/com.st.stm32cube.ide.mcu.externaltools.gnu-tools-for-stm32.9-2020-q2-update.win32_2.0.0.202105311346/tools/bin/../lib/gcc/arm-none-eabi/9.3.1/../../../../arm-none-eabi/lib/thumb/v7e-m+fp/hard\libc_nano.a(lib_a-nano-vfprintf.o)
                0x000000000801041c                _vfprintf_r
                0x000000000801041c                _vfiprintf_r
 *fill*         0x000000000801067c        0x4 
 .text.nan      0x0000000008010680       0x10 c:/st/stm32cubeide_1.7.0/stm32cubeide/plugins/com.st.stm32cube.ide.mcu.externaltools.gnu-tools-for-stm32.9-2020-q2-update.win32_2.0.0.202105311346/tools/bin/../lib/gcc/arm-none-eabi/9.3.1/../../../../arm-none-eabi/lib/thumb/v7e-m+fp/hard\libc_nano.a(lib_a-s_nan.o)
                0x0000000008010680                nan
 .text._sbrk_r  0x0000000008010690       0x20 c:/st/stm32cubeide_1.7.0/stm32cubeide/plugins/com.st.stm32cube.ide.mcu.externaltools.gnu-tools-for-stm32.9-2020-q2-update.win32_2.0.0.202105311346/tools/bin/../lib/gcc/arm-none-eabi/9.3.1/../../../../arm-none-eabi/lib/thumb/v7e-m+fp/hard\libc_nano.a(lib_a-sbrkr.o)
                0x0000000008010690                _sbrk_r
 .text.__sread  0x00000000080106b0       0x22 c:/st/stm32cubeide_1.7.0/stm32cubeide/plugins/com.st.stm32cube.ide.mcu.externaltools.gnu-tools-for-stm32.9-2020-q2-update.win32_2.0.0.202105311346/tools/bin/../lib/gcc/arm-none-eabi/9.3.1/../../../../arm-none-eabi/lib/thumb/v7e-m+fp/hard\libc_nano.a(lib_a-stdio.o)
                0x00000000080106b0                __sread
 .text.__swrite
                0x00000000080106d2       0x38 c:/st/stm32cubeide_1.7.0/stm32cubeide/plugins/com.st.stm32cube.ide.mcu.externaltools.gnu-tools-for-stm32.9-2020-q2-update.win32_2.0.0.202105311346/tools/bin/../lib/gcc/arm-none-eabi/9.3.1/../../../../arm-none-eabi/lib/thumb/v7e-m+fp/hard\libc_nano.a(lib_a-stdio.o)
                0x00000000080106d2                __swrite
 .text.__sseek  0x000000000801070a       0x24 c:/st/stm32cubeide_1.7.0/stm32cubeide/plugins/com.st.stm32cube.ide.mcu.externaltools.gnu-tools-for-stm32.9-2020-q2-update.win32_2.0.0.202105311346/tools/bin/../lib/gcc/arm-none-eabi/9.3.1/../../../../arm-none-eabi/lib/thumb/v7e-m+fp/hard\libc_nano.a(lib_a-stdio.o)