MPU6050.c:57:6:MPU6050	16	static
MPU6050.c:70:6:MPU6050_initialize	8	static
MPU6050.c:81:6:MPU6050_testConnection	8	static
MPU6050.c:93:9:MPU6050_getAuxVDDIOLevel	8	static
MPU6050.c:103:6:MPU6050_setAuxVDDIOLevel	16	static
MPU6050.c:130:9:MPU6050_getRate	8	static
MPU6050.c:139:6:MPU6050_setRate	16	static
MPU6050.c:172:9:MPU6050_getExternalFrameSync	16	static
MPU6050.c:181:6:MPU6050_setExternalFrameSync	24	static
MPU6050.c:212:9:MPU6050_getDLPFMode	16	static
MPU6050.c:224:6:MPU6050_setDLPFMode	24	static
MPU6050.c:247:9:MPU6050_getFullScaleGyroRange	16	static
MPU6050.c:259:6:MPU6050_setFullScaleGyroRange	24	static
MPU6050.c:269:6:MPU6050_getAccelXSelfTest	8	static
MPU6050.c:277:6:MPU6050_setAccelXSelfTest	16	static
MPU6050.c:284:6:MPU6050_getAccelYSelfTest	8	static
MPU6050.c:292:6:MPU6050_setAccelYSelfTest	16	static
MPU6050.c:299:6:MPU6050_getAccelZSelfTest	8	static
MPU6050.c:307:6:MPU6050_setAccelZSelfTest	16	static
MPU6050.c:327:9:MPU6050_getFullScaleAccelRange	16	static
MPU6050.c:335:6:MPU6050_setFullScaleAccelRange	24	static
MPU6050.c:373:9:MPU6050_getDHPFMode	16	static
MPU6050.c:383:6:MPU6050_setDHPFMode	24	static
MPU6050.c:404:9:MPU6050_getFreefallDetectionThreshold	8	static
MPU6050.c:413:6:MPU6050_setFreefallDetectionThreshold	16	static
MPU6050.c:436:9:MPU6050_getFreefallDetectionDuration	8	static
MPU6050.c:445:6:MPU6050_setFreefallDetectionDuration	16	static
MPU6050.c:470:9:MPU6050_getMotionDetectionThreshold	8	static
MPU6050.c:479:6:MPU6050_setMotionDetectionThreshold	16	static
MPU6050.c:500:9:MPU6050_getMotionDetectionDuration	8	static
MPU6050.c:509:6:MPU6050_setMotionDetectionDuration	16	static
MPU6050.c:540:9:MPU6050_getZeroMotionDetectionThreshold	8	static
MPU6050.c:549:6:MPU6050_setZeroMotionDetectionThreshold	16	static
MPU6050.c:571:9:MPU6050_getZeroMotionDetectionDuration	8	static
MPU6050.c:580:6:MPU6050_setZeroMotionDetectionDuration	16	static
MPU6050.c:592:6:MPU6050_getTempFIFOEnabled	8	static
MPU6050.c:601:6:MPU6050_setTempFIFOEnabled	16	static
MPU6050.c:610:6:MPU6050_getXGyroFIFOEnabled	8	static
MPU6050.c:619:6:MPU6050_setXGyroFIFOEnabled	16	static
MPU6050.c:628:6:MPU6050_getYGyroFIFOEnabled	8	static
MPU6050.c:637:6:MPU6050_setYGyroFIFOEnabled	16	static
MPU6050.c:646:6:MPU6050_getZGyroFIFOEnabled	8	static
MPU6050.c:655:6:MPU6050_setZGyroFIFOEnabled	16	static
MPU6050.c:665:6:MPU6050_getAccelFIFOEnabled	8	static
MPU6050.c:674:6:MPU6050_setAccelFIFOEnabled	16	static
MPU6050.c:683:6:MPU6050_getSlave2FIFOEnabled	8	static
MPU6050.c:692:6:MPU6050_setSlave2FIFOEnabled	16	static
MPU6050.c:701:6:MPU6050_getSlave1FIFOEnabled	8	static
MPU6050.c:710:6:MPU6050_setSlave1FIFOEnabled	16	static
MPU6050.c:719:6:MPU6050_getSlave0FIFOEnabled	8	static
MPU6050.c:728:6:MPU6050_setSlave0FIFOEnabled	16	static
MPU6050.c:749:6:MPU6050_getMultiMasterEnabled	8	static
MPU6050.c:758:6:MPU6050_setMultiMasterEnabled	16	static
MPU6050.c:772:6:MPU6050_getWaitForExternalSensorEnabled	8	static
MPU6050.c:781:6:MPU6050_setWaitForExternalSensorEnabled	16	static
MPU6050.c:790:6:MPU6050_getSlave3FIFOEnabled	8	static
MPU6050.c:799:6:MPU6050_setSlave3FIFOEnabled	16	static
MPU6050.c:812:6:MPU6050_getSlaveReadWriteTransitionEnabled	8	static
MPU6050.c:821:6:MPU6050_setSlaveReadWriteTransitionEnabled	16	static
MPU6050.c:853:9:MPU6050_getMasterClockSpeed	16	static
MPU6050.c:861:6:MPU6050_setMasterClockSpeed	24	static
MPU6050.c:908:9:MPU6050_getSlaveAddress	16	static
MPU6050.c:919:6:MPU6050_setSlaveAddress	16	static
MPU6050.c:934:9:MPU6050_getSlaveRegister	16	static
MPU6050.c:945:6:MPU6050_setSlaveRegister	16	static
MPU6050.c:956:6:MPU6050_getSlaveEnabled	16	static
MPU6050.c:967:6:MPU6050_setSlaveEnabled	16	static
MPU6050.c:982:6:MPU6050_getSlaveWordByteSwap	16	static
MPU6050.c:993:6:MPU6050_setSlaveWordByteSwap	16	static
MPU6050.c:1007:6:MPU6050_getSlaveWriteMode	16	static
MPU6050.c:1018:6:MPU6050_setSlaveWriteMode	16	static
MPU6050.c:1033:6:MPU6050_getSlaveWordGroupOffset	16	static
MPU6050.c:1044:6:MPU6050_setSlaveWordGroupOffset	16	static
MPU6050.c:1055:9:MPU6050_getSlaveDataLength	24	static
MPU6050.c:1066:6:MPU6050_setSlaveDataLength	24	static
MPU6050.c:1082:9:MPU6050_getSlave4Address	8	static
MPU6050.c:1091:6:MPU6050_setSlave4Address	16	static
MPU6050.c:1101:9:MPU6050_getSlave4Register	8	static
MPU6050.c:1110:6:MPU6050_setSlave4Register	16	static
MPU6050.c:1119:6:MPU6050_setSlave4OutputByte	16	static
MPU6050.c:1128:6:MPU6050_getSlave4Enabled	8	static
MPU6050.c:1137:6:MPU6050_setSlave4Enabled	16	static
MPU6050.c:1149:6:MPU6050_getSlave4InterruptEnabled	8	static
MPU6050.c:1158:6:MPU6050_setSlave4InterruptEnabled	16	static
MPU6050.c:1170:6:MPU6050_getSlave4WriteMode	8	static
MPU6050.c:1179:6:MPU6050_setSlave4WriteMode	16	static
MPU6050.c:1197:9:MPU6050_getSlave4MasterDelay	16	static
MPU6050.c:1206:6:MPU6050_setSlave4MasterDelay	24	static
MPU6050.c:1215:9:MPU6050_getSlate4InputByte	8	static
MPU6050.c:1231:6:MPU6050_getPassthroughStatus	8	static
MPU6050.c:1243:6:MPU6050_getSlave4IsDone	8	static
MPU6050.c:1254:6:MPU6050_getLostArbitration	8	static
MPU6050.c:1265:6:MPU6050_getSlave4Nack	8	static
MPU6050.c:1276:6:MPU6050_getSlave3Nack	8	static
MPU6050.c:1287:6:MPU6050_getSlave2Nack	8	static
MPU6050.c:1298:6:MPU6050_getSlave1Nack	8	static
MPU6050.c:1309:6:MPU6050_getSlave0Nack	8	static
MPU6050.c:1322:6:MPU6050_getInterruptMode	8	static
MPU6050.c:1332:6:MPU6050_setInterruptMode	16	static
MPU6050.c:1341:6:MPU6050_getInterruptDrive	8	static
MPU6050.c:1351:6:MPU6050_setInterruptDrive	16	static
MPU6050.c:1360:6:MPU6050_getInterruptLatch	8	static
MPU6050.c:1370:6:MPU6050_setInterruptLatch	16	static
MPU6050.c:1379:6:MPU6050_getInterruptLatchClear	8	static
MPU6050.c:1389:6:MPU6050_setInterruptLatchClear	16	static
MPU6050.c:1398:6:MPU6050_getFSyncInterruptLevel	8	static
MPU6050.c:1408:6:MPU6050_setFSyncInterruptLevel	16	static
MPU6050.c:1417:6:MPU6050_getFSyncInterruptEnabled	8	static
MPU6050.c:1427:6:MPU6050_setFSyncInterruptEnabled	16	static
MPU6050.c:1441:6:MPU6050_getI2CBypassEnabled	8	static
MPU6050.c:1456:6:MPU6050_setI2CBypassEnabled	16	static
MPU6050.c:1468:6:MPU6050_getClockOutputEnabled	8	static
MPU6050.c:1481:6:MPU6050_setClockOutputEnabled	16	static
MPU6050.c:1494:9:MPU6050_getIntEnabled	8	static
MPU6050.c:1506:6:MPU6050_setIntEnabled	16	static
MPU6050.c:1515:6:MPU6050_getIntFreefallEnabled	8	static
MPU6050.c:1525:6:MPU6050_setIntFreefallEnabled	16	static
MPU6050.c:1534:6:MPU6050_getIntMotionEnabled	8	static
MPU6050.c:1544:6:MPU6050_setIntMotionEnabled	16	static
MPU6050.c:1553:6:MPU6050_getIntZeroMotionEnabled	8	static
MPU6050.c:1563:6:MPU6050_setIntZeroMotionEnabled	16	static
MPU6050.c:1572:6:MPU6050_getIntFIFOBufferOverflowEnabled	8	static
MPU6050.c:1582:6:MPU6050_setIntFIFOBufferOverflowEnabled	16	static
MPU6050.c:1592:6:MPU6050_getIntI2CMasterEnabled	8	static
MPU6050.c:1602:6:MPU6050_setIntI2CMasterEnabled	16	static
MPU6050.c:1612:6:MPU6050_getIntDataReadyEnabled	8	static
MPU6050.c:1622:6:MPU6050_setIntDataReadyEnabled	16	static
MPU6050.c:1635:9:MPU6050_getIntStatus	8	static
MPU6050.c:1646:6:MPU6050_getIntFreefallStatus	8	static
MPU6050.c:1657:6:MPU6050_getIntMotionStatus	8	static
MPU6050.c:1668:6:MPU6050_getIntZeroMotionStatus	8	static
MPU6050.c:1679:6:MPU6050_getIntFIFOBufferOverflowStatus	8	static
MPU6050.c:1691:6:MPU6050_getIntI2CMasterStatus	8	static
MPU6050.c:1702:6:MPU6050_getIntDataReadyStatus	8	static
MPU6050.c:1725:6:MPU6050_getMotion9	32	static
MPU6050.c:1741:6:MPU6050_getMotion6	24	static
MPU6050.c:1786:6:MPU6050_getAcceleration	24	static
MPU6050.c:1797:9:MPU6050_getAccelerationX	8	static
MPU6050.c:1806:9:MPU6050_getAccelerationY	8	static
MPU6050.c:1815:9:MPU6050_getAccelerationZ	8	static
MPU6050.c:1826:9:MPU6050_getTemperature	8	static
MPU6050.c:1865:6:MPU6050_getRotation	24	static
MPU6050.c:1876:9:MPU6050_getRotationX	8	static
MPU6050.c:1885:9:MPU6050_getRotationY	8	static
MPU6050.c:1894:9:MPU6050_getRotationZ	8	static
MPU6050.c:1975:9:MPU6050_getExternalSensorByte	16	static
MPU6050.c:1984:10:MPU6050_getExternalSensorWord	16	static
MPU6050.c:1993:10:MPU6050_getExternalSensorDWord	16	static
MPU6050.c:2005:6:MPU6050_getXNegMotionDetected	8	static
MPU6050.c:2014:6:MPU6050_getXPosMotionDetected	8	static
MPU6050.c:2023:6:MPU6050_getYNegMotionDetected	8	static
MPU6050.c:2032:6:MPU6050_getYPosMotionDetected	8	static
MPU6050.c:2041:6:MPU6050_getZNegMotionDetected	8	static
MPU6050.c:2050:6:MPU6050_getZPosMotionDetected	8	static
MPU6050.c:2059:6:MPU6050_getZeroMotionDetected	8	static
MPU6050.c:2074:6:MPU6050_setSlaveOutputByte	16	static
MPU6050.c:2089:6:MPU6050_getExternalShadowDelayEnabled	8	static
MPU6050.c:2099:6:MPU6050_setExternalShadowDelayEnabled	16	static
MPU6050.c:2120:6:MPU6050_getSlaveDelayEnabled	16	static
MPU6050.c:2132:6:MPU6050_setSlaveDelayEnabled	16	static
MPU6050.c:2144:6:MPU6050_resetGyroscopePath	8	static
MPU6050.c:2153:6:MPU6050_resetAccelerometerPath	8	static
MPU6050.c:2162:6:MPU6050_resetTemperaturePath	8	static
MPU6050.c:2182:9:MPU6050_getAccelerometerPowerOnDelay	16	static
MPU6050.c:2192:6:MPU6050_setAccelerometerPowerOnDelay	24	static
MPU6050.c:2221:9:MPU6050_getFreefallDetectionCounterDecrement	16	static
MPU6050.c:2231:6:MPU6050_setFreefallDetectionCounterDecrement	24	static
MPU6050.c:2257:9:MPU6050_getMotionDetectionCounterDecrement	16	static
MPU6050.c:2267:6:MPU6050_setMotionDetectionCounterDecrement	24	static
MPU6050.c:2281:6:MPU6050_getFIFOEnabled	8	static
MPU6050.c:2291:6:MPU6050_setFIFOEnabled	16	static
MPU6050.c:2305:6:MPU6050_getI2CMasterModeEnabled	8	static
MPU6050.c:2315:6:MPU6050_setI2CMasterModeEnabled	16	static
MPU6050.c:2322:6:MPU6050_switchSPIEnabled	16	static
MPU6050.c:2331:6:MPU6050_resetFIFO	8	static
MPU6050.c:2340:6:MPU6050_resetI2CMaster	8	static
MPU6050.c:2355:6:MPU6050_resetSensors	8	static
MPU6050.c:2366:6:MPU6050_reset	8	static
MPU6050.c:2380:6:MPU6050_getSleepEnabled	8	static
MPU6050.c:2390:6:MPU6050_setSleepEnabled	16	static
MPU6050.c:2401:6:MPU6050_getWakeCycleEnabled	8	static
MPU6050.c:2411:6:MPU6050_setWakeCycleEnabled	16	static
MPU6050.c:2425:6:MPU6050_getTempSensorEnabled	8	static
MPU6050.c:2439:6:MPU6050_setTempSensorEnabled	16	static
MPU6050.c:2449:9:MPU6050_getClockSource	16	static
MPU6050.c:2483:6:MPU6050_setClockSource	24	static
MPU6050.c:2512:9:MPU6050_getWakeFrequency	16	static
MPU6050.c:2520:6:MPU6050_setWakeFrequency	24	static
MPU6050.c:2530:6:MPU6050_getStandbyXAccelEnabled	8	static
MPU6050.c:2540:6:MPU6050_setStandbyXAccelEnabled	16	static
MPU6050.c:2549:6:MPU6050_getStandbyYAccelEnabled	8	static
MPU6050.c:2559:6:MPU6050_setStandbyYAccelEnabled	16	static
MPU6050.c:2568:6:MPU6050_getStandbyZAccelEnabled	8	static
MPU6050.c:2578:6:MPU6050_setStandbyZAccelEnabled	16	static
MPU6050.c:2587:6:MPU6050_getStandbyXGyroEnabled	8	static
MPU6050.c:2597:6:MPU6050_setStandbyXGyroEnabled	16	static
MPU6050.c:2606:6:MPU6050_getStandbyYGyroEnabled	8	static
MPU6050.c:2616:6:MPU6050_setStandbyYGyroEnabled	16	static
MPU6050.c:2625:6:MPU6050_getStandbyZGyroEnabled	8	static
MPU6050.c:2635:6:MPU6050_setStandbyZGyroEnabled	16	static
MPU6050.c:2648:10:MPU6050_getFIFOCount	8	static
MPU6050.c:2680:9:MPU6050_getFIFOByte	8	static
MPU6050.c:2684:6:MPU6050_getFIFOBytes	16	static
MPU6050.c:2691:6:MPU6050_setFIFOByte	16	static
MPU6050.c:2704:9:MPU6050_getDeviceID	16	static
MPU6050.c:2717:6:MPU6050_setDeviceID	24	static
MPU6050.c:2725:9:MPU6050_getOTPBankValid	8	static
MPU6050.c:2729:6:MPU6050_setOTPBankValid	16	static
MPU6050.c:2732:8:MPU6050_getXGyroOffsetTC	16	static
MPU6050.c:2736:6:MPU6050_setXGyroOffsetTC	24	static
MPU6050.c:2742:8:MPU6050_getYGyroOffsetTC	16	static
MPU6050.c:2746:6:MPU6050_setYGyroOffsetTC	24	static
MPU6050.c:2752:8:MPU6050_getZGyroOffsetTC	16	static
MPU6050.c:2756:6:MPU6050_setZGyroOffsetTC	24	static
MPU6050.c:2762:8:MPU6050_getXFineGain	8	static
MPU6050.c:2766:6:MPU6050_setXFineGain	16	static
MPU6050.c:2772:8:MPU6050_getYFineGain	8	static
MPU6050.c:2776:6:MPU6050_setYFineGain	16	static
MPU6050.c:2782:8:MPU6050_getZFineGain	8	static
MPU6050.c:2786:6:MPU6050_setZFineGain	16	static
MPU6050.c:2792:9:MPU6050_getXAccelOffset	8	static
MPU6050.c:2796:6:MPU6050_setXAccelOffset	16	static
MPU6050.c:2802:9:MPU6050_getYAccelOffset	8	static
MPU6050.c:2806:6:MPU6050_setYAccelOffset	16	static
MPU6050.c:2812:9:MPU6050_getZAccelOffset	8	static
MPU6050.c:2816:6:MPU6050_setZAccelOffset	16	static
MPU6050.c:2822:9:MPU6050_getXGyroOffset	8	static
MPU6050.c:2826:6:MPU6050_setXGyroOffset	16	static
MPU6050.c:2832:9:MPU6050_getYGyroOffset	8	static
MPU6050.c:2836:6:MPU6050_setYGyroOffset	16	static
MPU6050.c:2842:9:MPU6050_getZGyroOffset	8	static
MPU6050.c:2846:6:MPU6050_setZGyroOffset	16	static
MPU6050.c:2852:6:MPU6050_getIntPLLReadyEnabled	8	static
MPU6050.c:2856:6:MPU6050_setIntPLLReadyEnabled	16	static
MPU6050.c:2859:6:MPU6050_getIntDMPEnabled	8	static
MPU6050.c:2863:6:MPU6050_setIntDMPEnabled	16	static
MPU6050.c:2869:6:MPU6050_getDMPInt5Status	8	static
MPU6050.c:2873:6:MPU6050_getDMPInt4Status	8	static
MPU6050.c:2877:6:MPU6050_getDMPInt3Status	8	static
MPU6050.c:2881:6:MPU6050_getDMPInt2Status	8	static
MPU6050.c:2885:6:MPU6050_getDMPInt1Status	8	static
MPU6050.c:2889:6:MPU6050_getDMPInt0Status	8	static
MPU6050.c:2896:6:MPU6050_getIntPLLReadyStatus	8	static
MPU6050.c:2900:6:MPU6050_getIntDMPStatus	8	static
MPU6050.c:2907:6:MPU6050_getDMPEnabled	8	static
MPU6050.c:2911:6:MPU6050_setDMPEnabled	16	static
MPU6050.c:2914:6:MPU6050_resetDMP	8	static
MPU6050.c:2920:6:MPU6050_setMemoryBank	16	static
MPU6050.c:2929:6:MPU6050_setMemoryStartAddress	16	static
MPU6050.c:2935:9:MPU6050_readMemoryByte	8	static
MPU6050.c:2939:6:MPU6050_writeMemoryByte	16	static
MPU6050.c:2942:6:MPU6050_readMemoryBlock	24	static
MPU6050.c:3133:9:MPU6050_getDMPConfig1	8	static
MPU6050.c:3137:6:MPU6050_setDMPConfig1	16	static
MPU6050.c:3143:9:MPU6050_getDMPConfig2	8	static
MPU6050.c:3147:6:MPU6050_setDMPConfig2	16	static
