I2Cdev.cpp:97:1:I2Cdev::I2Cdev()	16	static
I2Cdev.cpp:110:8:static int8_t I2Cdev::readBit(uint8_t, uint8_t, uint8_t, uint8_t*, uint16_t)	24	static
I2Cdev.cpp:127:8:static int8_t I2Cdev::readBitW(uint8_t, uint8_t, uint8_t, uint16_t*, uint16_t)	24	static
I2Cdev.cpp:145:8:static int8_t I2Cdev::readBits(uint8_t, uint8_t, uint8_t, uint8_t, uint8_t*, uint16_t)	32	static
I2Cdev.cpp:173:8:static int8_t I2Cdev::readBitsW(uint8_t, uint8_t, uint8_t, uint8_t, uint16_t*, uint16_t)	32	static
I2Cdev.cpp:200:8:static int8_t I2Cdev::readByte(uint8_t, uint8_t, uint8_t*, uint16_t)	24	static
I2Cdev.cpp:213:8:static int8_t I2Cdev::readWord(uint8_t, uint8_t, uint16_t*, uint16_t)	24	static
I2Cdev.cpp:227:8:static int8_t I2Cdev::readBytes(uint8_t, uint8_t, uint8_t, uint8_t*, uint16_t)	48	static
I2Cdev.cpp:369:8:static int8_t I2Cdev::readWords(uint8_t, uint8_t, uint8_t, uint16_t*, uint16_t)	56	static
I2Cdev.cpp:544:6:static bool I2Cdev::writeBit(uint8_t, uint8_t, uint8_t, uint8_t)	32	static
I2Cdev.cpp:560:6:static bool I2Cdev::writeBitW(uint8_t, uint8_t, uint8_t, uint16_t)	32	static
I2Cdev.cpp:577:6:static bool I2Cdev::writeBits(uint8_t, uint8_t, uint8_t, uint8_t, uint8_t)	32	static
I2Cdev.cpp:611:6:static bool I2Cdev::writeBitsW(uint8_t, uint8_t, uint8_t, uint8_t, uint16_t)	32	static
I2Cdev.cpp:643:6:static bool I2Cdev::writeByte(uint8_t, uint8_t, uint8_t)	16	static
I2Cdev.cpp:654:6:static bool I2Cdev::writeWord(uint8_t, uint8_t, uint16_t)	16	static
I2Cdev.cpp:666:6:static bool I2Cdev::writeBytes(uint8_t, uint8_t, uint8_t, uint8_t*)	40	static
I2Cdev.cpp:736:6:static bool I2Cdev::writeWords(uint8_t, uint8_t, uint8_t, uint16_t*)	48	static
