std_abs.h:75:3:constexpr float std::abs(float)	16	static
cmath:1756:3:constexpr float std::round(float)	16	static
MPU6050.cpp:48:1:MPU6050::MPU6050(uint8_t)	16	static
MPU6050.cpp:58:6:void MPU6050::initialize()	16	static
MPU6050.cpp:69:6:bool MPU6050::testConnection()	16	static
MPU6050.cpp:81:9:uint8_t MPU6050::getAuxVDDIOLevel()	24	static
MPU6050.cpp:91:6:void MPU6050::setAuxVDDIOLevel(uint8_t)	16	static
MPU6050.cpp:118:9:uint8_t MPU6050::getRate()	16	static
MPU6050.cpp:127:6:void MPU6050::setRate(uint8_t)	16	static
MPU6050.cpp:160:9:uint8_t MPU6050::getExternalFrameSync()	24	static
MPU6050.cpp:169:6:void MPU6050::setExternalFrameSync(uint8_t)	24	static
MPU6050.cpp:200:9:uint8_t MPU6050::getDLPFMode()	24	static
MPU6050.cpp:212:6:void MPU6050::setDLPFMode(uint8_t)	24	static
MPU6050.cpp:235:9:uint8_t MPU6050::getFullScaleGyroRange()	24	static
MPU6050.cpp:247:6:void MPU6050::setFullScaleGyroRange(uint8_t)	24	static
MPU6050.cpp:257:9:uint8_t MPU6050::getAccelXSelfTestFactoryTrim()	16	static
MPU6050.cpp:267:9:uint8_t MPU6050::getAccelYSelfTestFactoryTrim()	16	static
MPU6050.cpp:277:9:uint8_t MPU6050::getAccelZSelfTestFactoryTrim()	24	static
MPU6050.cpp:286:9:uint8_t MPU6050::getGyroXSelfTestFactoryTrim()	16	static
MPU6050.cpp:295:9:uint8_t MPU6050::getGyroYSelfTestFactoryTrim()	16	static
MPU6050.cpp:304:9:uint8_t MPU6050::getGyroZSelfTestFactoryTrim()	16	static
MPU6050.cpp:315:6:bool MPU6050::getAccelXSelfTest()	24	static
MPU6050.cpp:323:6:void MPU6050::setAccelXSelfTest(bool)	16	static
MPU6050.cpp:330:6:bool MPU6050::getAccelYSelfTest()	24	static
MPU6050.cpp:338:6:void MPU6050::setAccelYSelfTest(bool)	16	static
MPU6050.cpp:345:6:bool MPU6050::getAccelZSelfTest()	24	static
MPU6050.cpp:353:6:void MPU6050::setAccelZSelfTest(bool)	16	static
MPU6050.cpp:373:9:uint8_t MPU6050::getFullScaleAccelRange()	24	static
MPU6050.cpp:381:6:void MPU6050::setFullScaleAccelRange(uint8_t)	24	static
MPU6050.cpp:419:9:uint8_t MPU6050::getDHPFMode()	24	static
MPU6050.cpp:429:6:void MPU6050::setDHPFMode(uint8_t)	24	static
MPU6050.cpp:450:9:uint8_t MPU6050::getFreefallDetectionThreshold()	16	static
MPU6050.cpp:459:6:void MPU6050::setFreefallDetectionThreshold(uint8_t)	16	static
MPU6050.cpp:482:9:uint8_t MPU6050::getFreefallDetectionDuration()	16	static
MPU6050.cpp:491:6:void MPU6050::setFreefallDetectionDuration(uint8_t)	16	static
MPU6050.cpp:516:9:uint8_t MPU6050::getMotionDetectionThreshold()	16	static
MPU6050.cpp:525:6:void MPU6050::setMotionDetectionThreshold(uint8_t)	16	static
MPU6050.cpp:546:9:uint8_t MPU6050::getMotionDetectionDuration()	16	static
MPU6050.cpp:555:6:void MPU6050::setMotionDetectionDuration(uint8_t)	16	static
MPU6050.cpp:586:9:uint8_t MPU6050::getZeroMotionDetectionThreshold()	16	static
MPU6050.cpp:595:6:void MPU6050::setZeroMotionDetectionThreshold(uint8_t)	16	static
MPU6050.cpp:617:9:uint8_t MPU6050::getZeroMotionDetectionDuration()	16	static
MPU6050.cpp:626:6:void MPU6050::setZeroMotionDetectionDuration(uint8_t)	16	static
MPU6050.cpp:638:6:bool MPU6050::getTempFIFOEnabled()	24	static
MPU6050.cpp:647:6:void MPU6050::setTempFIFOEnabled(bool)	16	static
MPU6050.cpp:656:6:bool MPU6050::getXGyroFIFOEnabled()	24	static
MPU6050.cpp:665:6:void MPU6050::setXGyroFIFOEnabled(bool)	16	static
MPU6050.cpp:674:6:bool MPU6050::getYGyroFIFOEnabled()	24	static
MPU6050.cpp:683:6:void MPU6050::setYGyroFIFOEnabled(bool)	16	static
MPU6050.cpp:692:6:bool MPU6050::getZGyroFIFOEnabled()	24	static
MPU6050.cpp:701:6:void MPU6050::setZGyroFIFOEnabled(bool)	16	static
MPU6050.cpp:711:6:bool MPU6050::getAccelFIFOEnabled()	24	static
MPU6050.cpp:720:6:void MPU6050::setAccelFIFOEnabled(bool)	16	static
MPU6050.cpp:729:6:bool MPU6050::getSlave2FIFOEnabled()	24	static
MPU6050.cpp:738:6:void MPU6050::setSlave2FIFOEnabled(bool)	16	static
MPU6050.cpp:747:6:bool MPU6050::getSlave1FIFOEnabled()	24	static
MPU6050.cpp:756:6:void MPU6050::setSlave1FIFOEnabled(bool)	16	static
MPU6050.cpp:765:6:bool MPU6050::getSlave0FIFOEnabled()	24	static
MPU6050.cpp:774:6:void MPU6050::setSlave0FIFOEnabled(bool)	16	static
MPU6050.cpp:795:6:bool MPU6050::getMultiMasterEnabled()	24	static
MPU6050.cpp:804:6:void MPU6050::setMultiMasterEnabled(bool)	16	static
MPU6050.cpp:818:6:bool MPU6050::getWaitForExternalSensorEnabled()	24	static
MPU6050.cpp:827:6:void MPU6050::setWaitForExternalSensorEnabled(bool)	16	static
MPU6050.cpp:836:6:bool MPU6050::getSlave3FIFOEnabled()	24	static
MPU6050.cpp:845:6:void MPU6050::setSlave3FIFOEnabled(bool)	16	static
MPU6050.cpp:858:6:bool MPU6050::getSlaveReadWriteTransitionEnabled()	24	static
MPU6050.cpp:867:6:void MPU6050::setSlaveReadWriteTransitionEnabled(bool)	16	static
MPU6050.cpp:899:9:uint8_t MPU6050::getMasterClockSpeed()	24	static
MPU6050.cpp:907:6:void MPU6050::setMasterClockSpeed(uint8_t)	24	static
MPU6050.cpp:954:9:uint8_t MPU6050::getSlaveAddress(uint8_t)	16	static
MPU6050.cpp:965:6:void MPU6050::setSlaveAddress(uint8_t, uint8_t)	16	static
MPU6050.cpp:980:9:uint8_t MPU6050::getSlaveRegister(uint8_t)	16	static
MPU6050.cpp:991:6:void MPU6050::setSlaveRegister(uint8_t, uint8_t)	16	static
MPU6050.cpp:1002:6:bool MPU6050::getSlaveEnabled(uint8_t)	24	static
MPU6050.cpp:1013:6:void MPU6050::setSlaveEnabled(uint8_t, bool)	16	static
MPU6050.cpp:1028:6:bool MPU6050::getSlaveWordByteSwap(uint8_t)	24	static
MPU6050.cpp:1039:6:void MPU6050::setSlaveWordByteSwap(uint8_t, bool)	16	static
MPU6050.cpp:1053:6:bool MPU6050::getSlaveWriteMode(uint8_t)	24	static
MPU6050.cpp:1064:6:void MPU6050::setSlaveWriteMode(uint8_t, bool)	16	static
MPU6050.cpp:1079:6:bool MPU6050::getSlaveWordGroupOffset(uint8_t)	24	static
MPU6050.cpp:1090:6:void MPU6050::setSlaveWordGroupOffset(uint8_t, bool)	16	static
MPU6050.cpp:1101:9:uint8_t MPU6050::getSlaveDataLength(uint8_t)	24	static
MPU6050.cpp:1112:6:void MPU6050::setSlaveDataLength(uint8_t, uint8_t)	24	static
MPU6050.cpp:1128:9:uint8_t MPU6050::getSlave4Address()	16	static
MPU6050.cpp:1137:6:void MPU6050::setSlave4Address(uint8_t)	16	static
MPU6050.cpp:1147:9:uint8_t MPU6050::getSlave4Register()	16	static
MPU6050.cpp:1156:6:void MPU6050::setSlave4Register(uint8_t)	16	static
MPU6050.cpp:1165:6:void MPU6050::setSlave4OutputByte(uint8_t)	16	static
MPU6050.cpp:1174:6:bool MPU6050::getSlave4Enabled()	24	static
MPU6050.cpp:1183:6:void MPU6050::setSlave4Enabled(bool)	16	static
MPU6050.cpp:1195:6:bool MPU6050::getSlave4InterruptEnabled()	24	static
MPU6050.cpp:1204:6:void MPU6050::setSlave4InterruptEnabled(bool)	16	static
MPU6050.cpp:1216:6:bool MPU6050::getSlave4WriteMode()	24	static
MPU6050.cpp:1225:6:void MPU6050::setSlave4WriteMode(bool)	16	static
MPU6050.cpp:1243:9:uint8_t MPU6050::getSlave4MasterDelay()	24	static
MPU6050.cpp:1252:6:void MPU6050::setSlave4MasterDelay(uint8_t)	24	static
MPU6050.cpp:1261:9:uint8_t MPU6050::getSlate4InputByte()	16	static
MPU6050.cpp:1277:6:bool MPU6050::getPassthroughStatus()	24	static
MPU6050.cpp:1289:6:bool MPU6050::getSlave4IsDone()	24	static
MPU6050.cpp:1300:6:bool MPU6050::getLostArbitration()	24	static
MPU6050.cpp:1311:6:bool MPU6050::getSlave4Nack()	24	static
MPU6050.cpp:1322:6:bool MPU6050::getSlave3Nack()	24	static
MPU6050.cpp:1333:6:bool MPU6050::getSlave2Nack()	24	static
MPU6050.cpp:1344:6:bool MPU6050::getSlave1Nack()	24	static
MPU6050.cpp:1355:6:bool MPU6050::getSlave0Nack()	24	static
MPU6050.cpp:1368:6:bool MPU6050::getInterruptMode()	24	static
MPU6050.cpp:1378:6:void MPU6050::setInterruptMode(bool)	16	static
MPU6050.cpp:1387:6:bool MPU6050::getInterruptDrive()	24	static
MPU6050.cpp:1397:6:void MPU6050::setInterruptDrive(bool)	16	static
MPU6050.cpp:1406:6:bool MPU6050::getInterruptLatch()	24	static
MPU6050.cpp:1416:6:void MPU6050::setInterruptLatch(bool)	16	static
MPU6050.cpp:1425:6:bool MPU6050::getInterruptLatchClear()	24	static
MPU6050.cpp:1435:6:void MPU6050::setInterruptLatchClear(bool)	16	static
MPU6050.cpp:1444:6:bool MPU6050::getFSyncInterruptLevel()	24	static
MPU6050.cpp:1454:6:void MPU6050::setFSyncInterruptLevel(bool)	16	static
MPU6050.cpp:1463:6:bool MPU6050::getFSyncInterruptEnabled()	24	static
MPU6050.cpp:1473:6:void MPU6050::setFSyncInterruptEnabled(bool)	16	static
MPU6050.cpp:1487:6:bool MPU6050::getI2CBypassEnabled()	24	static
MPU6050.cpp:1502:6:void MPU6050::setI2CBypassEnabled(bool)	16	static
MPU6050.cpp:1514:6:bool MPU6050::getClockOutputEnabled()	24	static
MPU6050.cpp:1527:6:void MPU6050::setClockOutputEnabled(bool)	16	static
MPU6050.cpp:1540:9:uint8_t MPU6050::getIntEnabled()	16	static
MPU6050.cpp:1552:6:void MPU6050::setIntEnabled(uint8_t)	16	static
MPU6050.cpp:1561:6:bool MPU6050::getIntFreefallEnabled()	24	static
MPU6050.cpp:1571:6:void MPU6050::setIntFreefallEnabled(bool)	16	static
MPU6050.cpp:1580:6:bool MPU6050::getIntMotionEnabled()	24	static
MPU6050.cpp:1590:6:void MPU6050::setIntMotionEnabled(bool)	16	static
MPU6050.cpp:1599:6:bool MPU6050::getIntZeroMotionEnabled()	24	static
MPU6050.cpp:1609:6:void MPU6050::setIntZeroMotionEnabled(bool)	16	static
MPU6050.cpp:1618:6:bool MPU6050::getIntFIFOBufferOverflowEnabled()	24	static
MPU6050.cpp:1628:6:void MPU6050::setIntFIFOBufferOverflowEnabled(bool)	16	static
MPU6050.cpp:1638:6:bool MPU6050::getIntI2CMasterEnabled()	24	static
MPU6050.cpp:1648:6:void MPU6050::setIntI2CMasterEnabled(bool)	16	static
MPU6050.cpp:1658:6:bool MPU6050::getIntDataReadyEnabled()	24	static
MPU6050.cpp:1668:6:void MPU6050::setIntDataReadyEnabled(bool)	16	static
MPU6050.cpp:1681:9:uint8_t MPU6050::getIntStatus()	16	static
MPU6050.cpp:1692:6:bool MPU6050::getIntFreefallStatus()	24	static
MPU6050.cpp:1703:6:bool MPU6050::getIntMotionStatus()	24	static
MPU6050.cpp:1714:6:bool MPU6050::getIntZeroMotionStatus()	24	static
MPU6050.cpp:1725:6:bool MPU6050::getIntFIFOBufferOverflowStatus()	24	static
MPU6050.cpp:1737:6:bool MPU6050::getIntI2CMasterStatus()	24	static
MPU6050.cpp:1748:6:bool MPU6050::getIntDataReadyStatus()	24	static
MPU6050.cpp:1771:6:void MPU6050::getMotion9(int16_t*, int16_t*, int16_t*, int16_t*, int16_t*, int16_t*, int16_t*, int16_t*, int16_t*)	40	static
MPU6050.cpp:1787:6:void MPU6050::getMotion6(int16_t*, int16_t*, int16_t*, int16_t*, int16_t*, int16_t*)	32	static
MPU6050.cpp:1832:6:void MPU6050::getAcceleration(int16_t*, int16_t*, int16_t*)	32	static
MPU6050.cpp:1843:9:int16_t MPU6050::getAccelerationX()	24	static
MPU6050.cpp:1852:9:int16_t MPU6050::getAccelerationY()	24	static
MPU6050.cpp:1861:9:int16_t MPU6050::getAccelerationZ()	24	static
MPU6050.cpp:1872:9:int16_t MPU6050::getTemperature()	24	static
MPU6050.cpp:1911:6:void MPU6050::getRotation(int16_t*, int16_t*, int16_t*)	32	static
MPU6050.cpp:1922:9:int16_t MPU6050::getRotationX()	24	static
MPU6050.cpp:1931:9:int16_t MPU6050::getRotationY()	24	static
MPU6050.cpp:1940:9:int16_t MPU6050::getRotationZ()	24	static
MPU6050.cpp:2021:9:uint8_t MPU6050::getExternalSensorByte(int)	16	static
MPU6050.cpp:2030:10:uint16_t MPU6050::getExternalSensorWord(int)	24	static
MPU6050.cpp:2039:10:uint32_t MPU6050::getExternalSensorDWord(int)	24	static
MPU6050.cpp:2050:9:uint8_t MPU6050::getMotionStatus()	16	static
MPU6050.cpp:2059:6:bool MPU6050::getXNegMotionDetected()	24	static
MPU6050.cpp:2068:6:bool MPU6050::getXPosMotionDetected()	24	static
MPU6050.cpp:2077:6:bool MPU6050::getYNegMotionDetected()	24	static
MPU6050.cpp:2086:6:bool MPU6050::getYPosMotionDetected()	24	static
MPU6050.cpp:2095:6:bool MPU6050::getZNegMotionDetected()	24	static
MPU6050.cpp:2104:6:bool MPU6050::getZPosMotionDetected()	24	static
MPU6050.cpp:2113:6:bool MPU6050::getZeroMotionDetected()	24	static
MPU6050.cpp:2128:6:void MPU6050::setSlaveOutputByte(uint8_t, uint8_t)	16	static
MPU6050.cpp:2143:6:bool MPU6050::getExternalShadowDelayEnabled()	24	static
MPU6050.cpp:2153:6:void MPU6050::setExternalShadowDelayEnabled(bool)	16	static
MPU6050.cpp:2174:6:bool MPU6050::getSlaveDelayEnabled(uint8_t)	24	static
MPU6050.cpp:2186:6:void MPU6050::setSlaveDelayEnabled(uint8_t, bool)	16	static
MPU6050.cpp:2198:6:void MPU6050::resetGyroscopePath()	16	static
MPU6050.cpp:2207:6:void MPU6050::resetAccelerometerPath()	16	static
MPU6050.cpp:2216:6:void MPU6050::resetTemperaturePath()	16	static
MPU6050.cpp:2236:9:uint8_t MPU6050::getAccelerometerPowerOnDelay()	24	static
MPU6050.cpp:2246:6:void MPU6050::setAccelerometerPowerOnDelay(uint8_t)	24	static
MPU6050.cpp:2275:9:uint8_t MPU6050::getFreefallDetectionCounterDecrement()	24	static
MPU6050.cpp:2285:6:void MPU6050::setFreefallDetectionCounterDecrement(uint8_t)	24	static
MPU6050.cpp:2311:9:uint8_t MPU6050::getMotionDetectionCounterDecrement()	24	static
MPU6050.cpp:2321:6:void MPU6050::setMotionDetectionCounterDecrement(uint8_t)	24	static
MPU6050.cpp:2335:6:bool MPU6050::getFIFOEnabled()	24	static
MPU6050.cpp:2345:6:void MPU6050::setFIFOEnabled(bool)	16	static
MPU6050.cpp:2359:6:bool MPU6050::getI2CMasterModeEnabled()	24	static
MPU6050.cpp:2369:6:void MPU6050::setI2CMasterModeEnabled(bool)	16	static
MPU6050.cpp:2376:6:void MPU6050::switchSPIEnabled(bool)	16	static
MPU6050.cpp:2385:6:void MPU6050::resetFIFO()	16	static
MPU6050.cpp:2394:6:void MPU6050::resetI2CMaster()	16	static
MPU6050.cpp:2409:6:void MPU6050::resetSensors()	16	static
MPU6050.cpp:2420:6:void MPU6050::reset()	16	static
MPU6050.cpp:2434:6:bool MPU6050::getSleepEnabled()	24	static
MPU6050.cpp:2444:6:void MPU6050::setSleepEnabled(bool)	16	static
MPU6050.cpp:2455:6:bool MPU6050::getWakeCycleEnabled()	24	static
MPU6050.cpp:2465:6:void MPU6050::setWakeCycleEnabled(bool)	16	static
MPU6050.cpp:2479:6:bool MPU6050::getTempSensorEnabled()	24	static
MPU6050.cpp:2493:6:void MPU6050::setTempSensorEnabled(bool)	16	static
MPU6050.cpp:2503:9:uint8_t MPU6050::getClockSource()	24	static
MPU6050.cpp:2537:6:void MPU6050::setClockSource(uint8_t)	24	static
MPU6050.cpp:2566:9:uint8_t MPU6050::getWakeFrequency()	24	static
MPU6050.cpp:2574:6:void MPU6050::setWakeFrequency(uint8_t)	24	static
MPU6050.cpp:2584:6:bool MPU6050::getStandbyXAccelEnabled()	24	static
MPU6050.cpp:2594:6:void MPU6050::setStandbyXAccelEnabled(bool)	16	static
MPU6050.cpp:2603:6:bool MPU6050::getStandbyYAccelEnabled()	24	static
MPU6050.cpp:2613:6:void MPU6050::setStandbyYAccelEnabled(bool)	16	static
MPU6050.cpp:2622:6:bool MPU6050::getStandbyZAccelEnabled()	24	static
MPU6050.cpp:2632:6:void MPU6050::setStandbyZAccelEnabled(bool)	16	static
MPU6050.cpp:2641:6:bool MPU6050::getStandbyXGyroEnabled()	24	static
MPU6050.cpp:2651:6:void MPU6050::setStandbyXGyroEnabled(bool)	16	static
MPU6050.cpp:2660:6:bool MPU6050::getStandbyYGyroEnabled()	24	static
MPU6050.cpp:2670:6:void MPU6050::setStandbyYGyroEnabled(bool)	16	static
MPU6050.cpp:2679:6:bool MPU6050::getStandbyZGyroEnabled()	24	static
MPU6050.cpp:2689:6:void MPU6050::setStandbyZGyroEnabled(bool)	16	static
MPU6050.cpp:2702:10:uint16_t MPU6050::getFIFOCount()	24	static
MPU6050.cpp:2734:9:uint8_t MPU6050::getFIFOByte()	16	static
MPU6050.cpp:2738:6:void MPU6050::getFIFOBytes(uint8_t*, uint8_t)	32	static
MPU6050.cpp:2753:8:int8_t MPU6050::GetCurrentFIFOPacket(uint8_t*, uint8_t)	72	static
MPU6050.cpp:2808:6:void MPU6050::setFIFOByte(uint8_t)	16	static
MPU6050.cpp:2821:9:uint8_t MPU6050::getDeviceID()	24	static
MPU6050.cpp:2834:6:void MPU6050::setDeviceID(uint8_t)	24	static
MPU6050.cpp:2842:9:uint8_t MPU6050::getOTPBankValid()	24	static
MPU6050.cpp:2846:6:void MPU6050::setOTPBankValid(bool)	16	static
MPU6050.cpp:2849:8:int8_t MPU6050::getXGyroOffsetTC()	24	static
MPU6050.cpp:2853:6:void MPU6050::setXGyroOffsetTC(int8_t)	24	static
MPU6050.cpp:2859:8:int8_t MPU6050::getYGyroOffsetTC()	24	static
MPU6050.cpp:2863:6:void MPU6050::setYGyroOffsetTC(int8_t)	24	static
MPU6050.cpp:2869:8:int8_t MPU6050::getZGyroOffsetTC()	24	static
MPU6050.cpp:2873:6:void MPU6050::setZGyroOffsetTC(int8_t)	24	static
MPU6050.cpp:2879:8:int8_t MPU6050::getXFineGain()	16	static
MPU6050.cpp:2883:6:void MPU6050::setXFineGain(int8_t)	16	static
MPU6050.cpp:2889:8:int8_t MPU6050::getYFineGain()	16	static
MPU6050.cpp:2893:6:void MPU6050::setYFineGain(int8_t)	16	static
MPU6050.cpp:2899:8:int8_t MPU6050::getZFineGain()	16	static
MPU6050.cpp:2903:6:void MPU6050::setZFineGain(int8_t)	16	static
MPU6050.cpp:2909:9:int16_t MPU6050::getXAccelOffset()	32	static
MPU6050.cpp:2914:6:void MPU6050::setXAccelOffset(int16_t)	24	static
MPU6050.cpp:2921:9:int16_t MPU6050::getYAccelOffset()	32	static
MPU6050.cpp:2926:6:void MPU6050::setYAccelOffset(int16_t)	24	static
MPU6050.cpp:2933:9:int16_t MPU6050::getZAccelOffset()	32	static
MPU6050.cpp:2938:6:void MPU6050::setZAccelOffset(int16_t)	24	static
MPU6050.cpp:2945:9:int16_t MPU6050::getXGyroOffset()	24	static
MPU6050.cpp:2949:6:void MPU6050::setXGyroOffset(int16_t)	16	static
MPU6050.cpp:2955:9:int16_t MPU6050::getYGyroOffset()	24	static
MPU6050.cpp:2959:6:void MPU6050::setYGyroOffset(int16_t)	16	static
MPU6050.cpp:2965:9:int16_t MPU6050::getZGyroOffset()	24	static
MPU6050.cpp:2969:6:void MPU6050::setZGyroOffset(int16_t)	16	static
MPU6050.cpp:2975:6:bool MPU6050::getIntPLLReadyEnabled()	24	static
MPU6050.cpp:2979:6:void MPU6050::setIntPLLReadyEnabled(bool)	16	static
MPU6050.cpp:2982:6:bool MPU6050::getIntDMPEnabled()	24	static
MPU6050.cpp:2986:6:void MPU6050::setIntDMPEnabled(bool)	16	static
MPU6050.cpp:2992:6:bool MPU6050::getDMPInt5Status()	24	static
MPU6050.cpp:2996:6:bool MPU6050::getDMPInt4Status()	24	static
MPU6050.cpp:3000:6:bool MPU6050::getDMPInt3Status()	24	static
MPU6050.cpp:3004:6:bool MPU6050::getDMPInt2Status()	24	static
MPU6050.cpp:3008:6:bool MPU6050::getDMPInt1Status()	24	static
MPU6050.cpp:3012:6:bool MPU6050::getDMPInt0Status()	24	static
MPU6050.cpp:3019:6:bool MPU6050::getIntPLLReadyStatus()	24	static
MPU6050.cpp:3023:6:bool MPU6050::getIntDMPStatus()	24	static
MPU6050.cpp:3030:6:bool MPU6050::getDMPEnabled()	24	static
MPU6050.cpp:3034:6:void MPU6050::setDMPEnabled(bool)	16	static
MPU6050.cpp:3037:6:void MPU6050::resetDMP()	16	static
MPU6050.cpp:3043:6:void MPU6050::setMemoryBank(uint8_t, bool, bool)	16	static
MPU6050.cpp:3052:6:void MPU6050::setMemoryStartAddress(uint8_t)	16	static
MPU6050.cpp:3058:9:uint8_t MPU6050::readMemoryByte()	16	static
MPU6050.cpp:3062:6:void MPU6050::writeMemoryByte(uint8_t)	16	static
MPU6050.cpp:3065:6:void MPU6050::readMemoryBlock(uint8_t*, uint16_t, uint8_t, uint8_t)	40	static
MPU6050.cpp:3096:6:bool MPU6050::writeMemoryBlock(const uint8_t*, uint16_t, uint8_t, uint8_t, bool, bool)	48	static
MPU6050.cpp:3172:6:bool MPU6050::writeProgMemoryBlock(const uint8_t*, uint16_t, uint8_t, uint8_t, bool)	40	static
MPU6050.cpp:3175:6:bool MPU6050::writeDMPConfigurationSet(const uint8_t*, uint16_t, bool)	56	static
MPU6050.cpp:3251:6:bool MPU6050::writeProgDMPConfigurationSet(const uint8_t*, uint16_t)	24	static
MPU6050.cpp:3257:9:uint8_t MPU6050::getDMPConfig1()	16	static
MPU6050.cpp:3261:6:void MPU6050::setDMPConfig1(uint8_t)	16	static
MPU6050.cpp:3267:9:uint8_t MPU6050::getDMPConfig2()	16	static
MPU6050.cpp:3271:6:void MPU6050::setDMPConfig2(uint8_t)	16	static
MPU6050.cpp:3282:6:void MPU6050::CalibrateGyro(uint8_t)	48	static
MPU6050.cpp:3296:6:void MPU6050::CalibrateAccel(uint8_t)	32	static
MPU6050.cpp:3308:6:void MPU6050::PID(uint8_t, float, float, uint8_t)	112	static
MPU6050.cpp:3397:6:void MPU6050::PrintActiveOffsets()	32	static
